<!doctype html public "-//w3c//dtd html 4.0 transitional//en">
<html><head>
<title>Static Call Graph - [.\BUILD\ELEC143-P1-2019.axf]</title></head>
<body><HR>
<H1>Static Call Graph for image .\BUILD\ELEC143-P1-2019.axf</H1><HR>
<BR><P>#&#060CALLGRAPH&#062# ARM Linker, 6120001: Last Updated: Thu Dec 19 15:13:31 2019
<BR><P>
<H3>Maximum Stack Usage =       1144 bytes + Unknown(Functions without stacksize, Cycles, Untraceable Function Pointers)</H3><H3>
Call chain for Maximum Stack Depth:</H3>
__rt_entry_main &rArr; main &rArr; $Super$$main &rArr; move_buggy(Buggy*, Direction, float) &rArr; control_motors(Motor*, Motor*, int) &rArr; poll_motor(mbed::BusIn*, int*, Direction, bool, mbed::Timer*, int(*)[2]) &rArr; mbed::Timer::read_us() &rArr; mbed::Timer::read_high_resolution_us() &rArr; mbed::Timer::slicetime() &rArr; ticker_read_us &rArr; initialize &rArr; mbed_error &rArr; mbed_halt_system &rArr; exit &rArr; mbed_die &rArr; gpio_init_out &rArr; gpio_init_out_ex &rArr; _gpio_init_out &rArr; gpio_init &rArr; gpio_set &rArr; pin_function &rArr; Set_GPIO_Clock &rArr; error &rArr;  mbed_halt_system (Cycle)
<P>
<H3>
Functions with no stack information
</H3><UL>
 <LI><a href="#[65]">__cxa_pure_virtual</a>
 <LI><a href="#[1d2]">abort_message</a>
</UL>
</UL>
<P>
<H3>
Mutually Recursive functions
</H3> <LI><a href="#[1c6]">mbed_assert_internal</a>&nbsp;&nbsp;&nbsp;&rArr;&nbsp;&nbsp;&nbsp;<a href="#[1b2]">mbed_error</a><BR>
 <LI><a href="#[154]">error</a>&nbsp;&nbsp;&nbsp;&rArr;&nbsp;&nbsp;&nbsp;<a href="#[1ee]">mbed_halt_system</a><BR>
 <LI><a href="#[1]">NMI_Handler</a>&nbsp;&nbsp;&nbsp;&rArr;&nbsp;&nbsp;&nbsp;<a href="#[1]">NMI_Handler</a><BR>
 <LI><a href="#[6]">SVC_Handler</a>&nbsp;&nbsp;&nbsp;&rArr;&nbsp;&nbsp;&nbsp;<a href="#[6]">SVC_Handler</a><BR>
 <LI><a href="#[7]">DebugMon_Handler</a>&nbsp;&nbsp;&nbsp;&rArr;&nbsp;&nbsp;&nbsp;<a href="#[7]">DebugMon_Handler</a><BR>
 <LI><a href="#[8]">PendSV_Handler</a>&nbsp;&nbsp;&nbsp;&rArr;&nbsp;&nbsp;&nbsp;<a href="#[8]">PendSV_Handler</a><BR>
 <LI><a href="#[9]">SysTick_Handler</a>&nbsp;&nbsp;&nbsp;&rArr;&nbsp;&nbsp;&nbsp;<a href="#[9]">SysTick_Handler</a><BR>
 <LI><a href="#[1c]">ADC_IRQHandler</a>&nbsp;&nbsp;&nbsp;&rArr;&nbsp;&nbsp;&nbsp;<a href="#[1c]">ADC_IRQHandler</a><BR>
 <LI><a href="#[125]">_sys_exit</a>&nbsp;&nbsp;&nbsp;&rArr;&nbsp;&nbsp;&nbsp;<a href="#[125]">_sys_exit</a><BR>
 <LI><a href="#[1e5]">core_util_atomic_incr_u16</a>&nbsp;&nbsp;&nbsp;&rArr;&nbsp;&nbsp;&nbsp;<a href="#[1e5]">core_util_atomic_incr_u16</a><BR>
 <LI><a href="#[1e4]">core_util_atomic_decr_u16</a>&nbsp;&nbsp;&nbsp;&rArr;&nbsp;&nbsp;&nbsp;<a href="#[1e4]">core_util_atomic_decr_u16</a><BR>
</UL>
<P>
<H3>
Function Pointers
</H3><UL>
 <LI><a href="#[1c]">ADC_IRQHandler</a> from .\build\startup_stm32f401xe.o(.text) referenced from .\build\startup_stm32f401xe.o(RESET)
 <LI><a href="#[4]">BusFault_Handler</a> from .\build\except.o(.text) referenced from .\build\startup_stm32f401xe.o(RESET)
 <LI><a href="#[15]">DMA1_Stream0_IRQHandler</a> from .\build\startup_stm32f401xe.o(.text) referenced from .\build\startup_stm32f401xe.o(RESET)
 <LI><a href="#[16]">DMA1_Stream1_IRQHandler</a> from .\build\startup_stm32f401xe.o(.text) referenced from .\build\startup_stm32f401xe.o(RESET)
 <LI><a href="#[17]">DMA1_Stream2_IRQHandler</a> from .\build\startup_stm32f401xe.o(.text) referenced from .\build\startup_stm32f401xe.o(RESET)
 <LI><a href="#[18]">DMA1_Stream3_IRQHandler</a> from .\build\startup_stm32f401xe.o(.text) referenced from .\build\startup_stm32f401xe.o(RESET)
 <LI><a href="#[19]">DMA1_Stream4_IRQHandler</a> from .\build\startup_stm32f401xe.o(.text) referenced from .\build\startup_stm32f401xe.o(RESET)
 <LI><a href="#[1a]">DMA1_Stream5_IRQHandler</a> from .\build\startup_stm32f401xe.o(.text) referenced from .\build\startup_stm32f401xe.o(RESET)
 <LI><a href="#[1b]">DMA1_Stream6_IRQHandler</a> from .\build\startup_stm32f401xe.o(.text) referenced from .\build\startup_stm32f401xe.o(RESET)
 <LI><a href="#[30]">DMA1_Stream7_IRQHandler</a> from .\build\startup_stm32f401xe.o(.text) referenced from .\build\startup_stm32f401xe.o(RESET)
 <LI><a href="#[34]">DMA2_Stream0_IRQHandler</a> from .\build\startup_stm32f401xe.o(.text) referenced from .\build\startup_stm32f401xe.o(RESET)
 <LI><a href="#[35]">DMA2_Stream1_IRQHandler</a> from .\build\startup_stm32f401xe.o(.text) referenced from .\build\startup_stm32f401xe.o(RESET)
 <LI><a href="#[36]">DMA2_Stream2_IRQHandler</a> from .\build\startup_stm32f401xe.o(.text) referenced from .\build\startup_stm32f401xe.o(RESET)
 <LI><a href="#[37]">DMA2_Stream3_IRQHandler</a> from .\build\startup_stm32f401xe.o(.text) referenced from .\build\startup_stm32f401xe.o(RESET)
 <LI><a href="#[38]">DMA2_Stream4_IRQHandler</a> from .\build\startup_stm32f401xe.o(.text) referenced from .\build\startup_stm32f401xe.o(RESET)
 <LI><a href="#[3a]">DMA2_Stream5_IRQHandler</a> from .\build\startup_stm32f401xe.o(.text) referenced from .\build\startup_stm32f401xe.o(RESET)
 <LI><a href="#[3b]">DMA2_Stream6_IRQHandler</a> from .\build\startup_stm32f401xe.o(.text) referenced from .\build\startup_stm32f401xe.o(RESET)
 <LI><a href="#[3c]">DMA2_Stream7_IRQHandler</a> from .\build\startup_stm32f401xe.o(.text) referenced from .\build\startup_stm32f401xe.o(RESET)
 <LI><a href="#[7]">DebugMon_Handler</a> from .\build\startup_stm32f401xe.o(.text) referenced from .\build\startup_stm32f401xe.o(RESET)
 <LI><a href="#[10]">EXTI0_IRQHandler</a> from .\build\startup_stm32f401xe.o(.text) referenced from .\build\startup_stm32f401xe.o(RESET)
 <LI><a href="#[2d]">EXTI15_10_IRQHandler</a> from .\build\startup_stm32f401xe.o(.text) referenced from .\build\startup_stm32f401xe.o(RESET)
 <LI><a href="#[11]">EXTI1_IRQHandler</a> from .\build\startup_stm32f401xe.o(.text) referenced from .\build\startup_stm32f401xe.o(RESET)
 <LI><a href="#[12]">EXTI2_IRQHandler</a> from .\build\startup_stm32f401xe.o(.text) referenced from .\build\startup_stm32f401xe.o(RESET)
 <LI><a href="#[13]">EXTI3_IRQHandler</a> from .\build\startup_stm32f401xe.o(.text) referenced from .\build\startup_stm32f401xe.o(RESET)
 <LI><a href="#[14]">EXTI4_IRQHandler</a> from .\build\startup_stm32f401xe.o(.text) referenced from .\build\startup_stm32f401xe.o(RESET)
 <LI><a href="#[1d]">EXTI9_5_IRQHandler</a> from .\build\startup_stm32f401xe.o(.text) referenced from .\build\startup_stm32f401xe.o(RESET)
 <LI><a href="#[e]">FLASH_IRQHandler</a> from .\build\startup_stm32f401xe.o(.text) referenced from .\build\startup_stm32f401xe.o(RESET)
 <LI><a href="#[40]">FPU_IRQHandler</a> from .\build\startup_stm32f401xe.o(.text) referenced from .\build\startup_stm32f401xe.o(RESET)
 <LI><a href="#[2]">HardFault_Handler</a> from .\build\except.o(.text) referenced from .\build\startup_stm32f401xe.o(RESET)
 <LI><a href="#[26]">I2C1_ER_IRQHandler</a> from .\build\startup_stm32f401xe.o(.text) referenced from .\build\startup_stm32f401xe.o(RESET)
 <LI><a href="#[25]">I2C1_EV_IRQHandler</a> from .\build\startup_stm32f401xe.o(.text) referenced from .\build\startup_stm32f401xe.o(RESET)
 <LI><a href="#[28]">I2C2_ER_IRQHandler</a> from .\build\startup_stm32f401xe.o(.text) referenced from .\build\startup_stm32f401xe.o(RESET)
 <LI><a href="#[27]">I2C2_EV_IRQHandler</a> from .\build\startup_stm32f401xe.o(.text) referenced from .\build\startup_stm32f401xe.o(RESET)
 <LI><a href="#[3f]">I2C3_ER_IRQHandler</a> from .\build\startup_stm32f401xe.o(.text) referenced from .\build\startup_stm32f401xe.o(RESET)
 <LI><a href="#[3e]">I2C3_EV_IRQHandler</a> from .\build\startup_stm32f401xe.o(.text) referenced from .\build\startup_stm32f401xe.o(RESET)
 <LI><a href="#[3]">MemManage_Handler</a> from .\build\except.o(.text) referenced from .\build\startup_stm32f401xe.o(RESET)
 <LI><a href="#[1]">NMI_Handler</a> from .\build\startup_stm32f401xe.o(.text) referenced from .\build\startup_stm32f401xe.o(RESET)
 <LI><a href="#[39]">OTG_FS_IRQHandler</a> from .\build\startup_stm32f401xe.o(.text) referenced from .\build\startup_stm32f401xe.o(RESET)
 <LI><a href="#[2f]">OTG_FS_WKUP_IRQHandler</a> from .\build\startup_stm32f401xe.o(.text) referenced from .\build\startup_stm32f401xe.o(RESET)
 <LI><a href="#[b]">PVD_IRQHandler</a> from .\build\startup_stm32f401xe.o(.text) referenced from .\build\startup_stm32f401xe.o(RESET)
 <LI><a href="#[8]">PendSV_Handler</a> from .\build\startup_stm32f401xe.o(.text) referenced from .\build\startup_stm32f401xe.o(RESET)
 <LI><a href="#[f]">RCC_IRQHandler</a> from .\build\startup_stm32f401xe.o(.text) referenced from .\build\startup_stm32f401xe.o(RESET)
 <LI><a href="#[2e]">RTC_Alarm_IRQHandler</a> from .\build\startup_stm32f401xe.o(.text) referenced from .\build\startup_stm32f401xe.o(RESET)
 <LI><a href="#[d]">RTC_WKUP_IRQHandler</a> from .\build\startup_stm32f401xe.o(.text) referenced from .\build\startup_stm32f401xe.o(RESET)
 <LI><a href="#[0]">Reset_Handler</a> from .\build\startup_stm32f401xe.o(.text) referenced from .\build\startup_stm32f401xe.o(RESET)
 <LI><a href="#[31]">SDIO_IRQHandler</a> from .\build\startup_stm32f401xe.o(.text) referenced from .\build\startup_stm32f401xe.o(RESET)
 <LI><a href="#[29]">SPI1_IRQHandler</a> from .\build\startup_stm32f401xe.o(.text) referenced from .\build\startup_stm32f401xe.o(RESET)
 <LI><a href="#[2a]">SPI2_IRQHandler</a> from .\build\startup_stm32f401xe.o(.text) referenced from .\build\startup_stm32f401xe.o(RESET)
 <LI><a href="#[33]">SPI3_IRQHandler</a> from .\build\startup_stm32f401xe.o(.text) referenced from .\build\startup_stm32f401xe.o(RESET)
 <LI><a href="#[41]">SPI4_IRQHandler</a> from .\build\startup_stm32f401xe.o(.text) referenced from .\build\startup_stm32f401xe.o(RESET)
 <LI><a href="#[6]">SVC_Handler</a> from .\build\startup_stm32f401xe.o(.text) referenced from .\build\startup_stm32f401xe.o(RESET)
 <LI><a href="#[9]">SysTick_Handler</a> from .\build\startup_stm32f401xe.o(.text) referenced from .\build\startup_stm32f401xe.o(RESET)
 <LI><a href="#[42]">SystemInit</a> from .\build\system_clock.o(.text.SystemInit) referenced from .\build\startup_stm32f401xe.o(.text)
 <LI><a href="#[c]">TAMP_STAMP_IRQHandler</a> from .\build\startup_stm32f401xe.o(.text) referenced from .\build\startup_stm32f401xe.o(RESET)
 <LI><a href="#[1e]">TIM1_BRK_TIM9_IRQHandler</a> from .\build\startup_stm32f401xe.o(.text) referenced from .\build\startup_stm32f401xe.o(RESET)
 <LI><a href="#[21]">TIM1_CC_IRQHandler</a> from .\build\startup_stm32f401xe.o(.text) referenced from .\build\startup_stm32f401xe.o(RESET)
 <LI><a href="#[20]">TIM1_TRG_COM_TIM11_IRQHandler</a> from .\build\startup_stm32f401xe.o(.text) referenced from .\build\startup_stm32f401xe.o(RESET)
 <LI><a href="#[1f]">TIM1_UP_TIM10_IRQHandler</a> from .\build\startup_stm32f401xe.o(.text) referenced from .\build\startup_stm32f401xe.o(RESET)
 <LI><a href="#[22]">TIM2_IRQHandler</a> from .\build\startup_stm32f401xe.o(.text) referenced from .\build\startup_stm32f401xe.o(RESET)
 <LI><a href="#[23]">TIM3_IRQHandler</a> from .\build\startup_stm32f401xe.o(.text) referenced from .\build\startup_stm32f401xe.o(RESET)
 <LI><a href="#[24]">TIM4_IRQHandler</a> from .\build\startup_stm32f401xe.o(.text) referenced from .\build\startup_stm32f401xe.o(RESET)
 <LI><a href="#[32]">TIM5_IRQHandler</a> from .\build\startup_stm32f401xe.o(.text) referenced from .\build\startup_stm32f401xe.o(RESET)
 <LI><a href="#[2b]">USART1_IRQHandler</a> from .\build\startup_stm32f401xe.o(.text) referenced from .\build\startup_stm32f401xe.o(RESET)
 <LI><a href="#[2c]">USART2_IRQHandler</a> from .\build\startup_stm32f401xe.o(.text) referenced from .\build\startup_stm32f401xe.o(RESET)
 <LI><a href="#[3d]">USART6_IRQHandler</a> from .\build\startup_stm32f401xe.o(.text) referenced from .\build\startup_stm32f401xe.o(RESET)
 <LI><a href="#[5]">UsageFault_Handler</a> from .\build\except.o(.text) referenced from .\build\startup_stm32f401xe.o(RESET)
 <LI><a href="#[a]">WWDG_IRQHandler</a> from .\build\startup_stm32f401xe.o(.text) referenced from .\build\startup_stm32f401xe.o(RESET)
 <LI><a href="#[a1]">_GLOBAL__sub_I_main.cpp</a> from .\build\main.o(.text._GLOBAL__sub_I_main.cpp) referenced from .\build\main.o(.init_array)
 <LI><a href="#[51]">DirectSerial::read(void*, unsigned)</a> from .\build\mbed_retarget.o(.text._ZN12DirectSerial4readEPvj) referenced from .\build\mbed_retarget.o(.rodata._ZTV12DirectSerial)
 <LI><a href="#[53]">DirectSerial::seek(long, int)</a> from .\build\mbed_retarget.o(.text._ZN12DirectSerial4seekEli) referenced from .\build\mbed_retarget.o(.rodata._ZTV12DirectSerial)
 <LI><a href="#[59]">DirectSerial::size()</a> from .\build\mbed_retarget.o(.text._ZN12DirectSerial4sizeEv) referenced from .\build\mbed_retarget.o(.rodata._ZTV12DirectSerial)
 <LI><a href="#[54]">DirectSerial::close()</a> from .\build\mbed_retarget.o(.text._ZN12DirectSerial5closeEv) referenced from .\build\mbed_retarget.o(.rodata._ZTV12DirectSerial)
 <LI><a href="#[52]">DirectSerial::write(const void*, unsigned)</a> from .\build\mbed_retarget.o(.text._ZN12DirectSerial5writeEPKvj) referenced from .\build\mbed_retarget.o(.rodata._ZTV12DirectSerial)
 <LI><a href="#[56]">DirectSerial::isatty()</a> from .\build\mbed_retarget.o(.text._ZN12DirectSerial6isattyEv) referenced from .\build\mbed_retarget.o(.rodata._ZTV12DirectSerial)
 <LI><a href="#[50]">DirectSerial::~DirectSerial__deallocating()</a> from .\build\mbed_retarget.o(.text._ZN12DirectSerialD0Ev) referenced from .\build\mbed_retarget.o(.rodata._ZTV12DirectSerial)
 <LI><a href="#[60]">mbed::FileHandle::enable_input(bool)</a> from .\build\filehandle.o(.text._ZN4mbed10FileHandle12enable_inputEb) referenced from .\build\mbed_retarget.o(.rodata._ZTV12DirectSerial)
 <LI><a href="#[60]">mbed::FileHandle::enable_input(bool)</a> from .\build\filehandle.o(.text._ZN4mbed10FileHandle12enable_inputEb) referenced from .\build\filehandle.o(.rodata._ZTVN4mbed10FileHandleE)
 <LI><a href="#[60]">mbed::FileHandle::enable_input(bool)</a> from .\build\filehandle.o(.text._ZN4mbed10FileHandle12enable_inputEb) referenced from .\build\serial.o(.rodata._ZTVN4mbed6SerialE)
 <LI><a href="#[60]">mbed::FileHandle::enable_input(bool)</a> from .\build\filehandle.o(.text._ZN4mbed10FileHandle12enable_inputEb) referenced from .\build\stream.o(.rodata._ZTVN4mbed6StreamE)
 <LI><a href="#[60]">mbed::FileHandle::enable_input(bool)</a> from .\build\filehandle.o(.text._ZN4mbed10FileHandle12enable_inputEb) referenced from .\build\stream.o(.rodata._ZTVN4mbed8FileLikeE)
 <LI><a href="#[5e]">mbed::FileHandle::set_blocking(bool)</a> from .\build\filehandle.o(.text._ZN4mbed10FileHandle12set_blockingEb) referenced from .\build\mbed_retarget.o(.rodata._ZTV12DirectSerial)
 <LI><a href="#[5e]">mbed::FileHandle::set_blocking(bool)</a> from .\build\filehandle.o(.text._ZN4mbed10FileHandle12set_blockingEb) referenced from .\build\filehandle.o(.rodata._ZTVN4mbed10FileHandleE)
 <LI><a href="#[5e]">mbed::FileHandle::set_blocking(bool)</a> from .\build\filehandle.o(.text._ZN4mbed10FileHandle12set_blockingEb) referenced from .\build\serial.o(.rodata._ZTVN4mbed6SerialE)
 <LI><a href="#[5e]">mbed::FileHandle::set_blocking(bool)</a> from .\build\filehandle.o(.text._ZN4mbed10FileHandle12set_blockingEb) referenced from .\build\stream.o(.rodata._ZTVN4mbed6StreamE)
 <LI><a href="#[5e]">mbed::FileHandle::set_blocking(bool)</a> from .\build\filehandle.o(.text._ZN4mbed10FileHandle12set_blockingEb) referenced from .\build\stream.o(.rodata._ZTVN4mbed8FileLikeE)
 <LI><a href="#[61]">mbed::FileHandle::enable_output(bool)</a> from .\build\filehandle.o(.text._ZN4mbed10FileHandle13enable_outputEb) referenced from .\build\mbed_retarget.o(.rodata._ZTV12DirectSerial)
 <LI><a href="#[61]">mbed::FileHandle::enable_output(bool)</a> from .\build\filehandle.o(.text._ZN4mbed10FileHandle13enable_outputEb) referenced from .\build\filehandle.o(.rodata._ZTVN4mbed10FileHandleE)
 <LI><a href="#[61]">mbed::FileHandle::enable_output(bool)</a> from .\build\filehandle.o(.text._ZN4mbed10FileHandle13enable_outputEb) referenced from .\build\serial.o(.rodata._ZTVN4mbed6SerialE)
 <LI><a href="#[61]">mbed::FileHandle::enable_output(bool)</a> from .\build\filehandle.o(.text._ZN4mbed10FileHandle13enable_outputEb) referenced from .\build\stream.o(.rodata._ZTVN4mbed6StreamE)
 <LI><a href="#[61]">mbed::FileHandle::enable_output(bool)</a> from .\build\filehandle.o(.text._ZN4mbed10FileHandle13enable_outputEb) referenced from .\build\stream.o(.rodata._ZTVN4mbed8FileLikeE)
 <LI><a href="#[5d]">mbed::FileHandle::flen()</a> from .\build\filehandle.o(.text._ZN4mbed10FileHandle4flenEv) referenced from .\build\mbed_retarget.o(.rodata._ZTV12DirectSerial)
 <LI><a href="#[5d]">mbed::FileHandle::flen()</a> from .\build\filehandle.o(.text._ZN4mbed10FileHandle4flenEv) referenced from .\build\filehandle.o(.rodata._ZTVN4mbed10FileHandleE)
 <LI><a href="#[5d]">mbed::FileHandle::flen()</a> from .\build\filehandle.o(.text._ZN4mbed10FileHandle4flenEv) referenced from .\build\serial.o(.rodata._ZTVN4mbed6SerialE)
 <LI><a href="#[5d]">mbed::FileHandle::flen()</a> from .\build\filehandle.o(.text._ZN4mbed10FileHandle4flenEv) referenced from .\build\stream.o(.rodata._ZTVN4mbed6StreamE)
 <LI><a href="#[5d]">mbed::FileHandle::flen()</a> from .\build\filehandle.o(.text._ZN4mbed10FileHandle4flenEv) referenced from .\build\stream.o(.rodata._ZTVN4mbed8FileLikeE)
 <LI><a href="#[67]">mbed::FileHandle::size()</a> from .\build\filehandle.o(.text._ZN4mbed10FileHandle4sizeEv) referenced from .\build\filehandle.o(.rodata._ZTVN4mbed10FileHandleE)
 <LI><a href="#[67]">mbed::FileHandle::size()</a> from .\build\filehandle.o(.text._ZN4mbed10FileHandle4sizeEv) referenced from .\build\stream.o(.rodata._ZTVN4mbed8FileLikeE)
 <LI><a href="#[55]">mbed::FileHandle::sync()</a> from .\build\filehandle.o(.text._ZN4mbed10FileHandle4syncEv) referenced from .\build\mbed_retarget.o(.rodata._ZTV12DirectSerial)
 <LI><a href="#[55]">mbed::FileHandle::sync()</a> from .\build\filehandle.o(.text._ZN4mbed10FileHandle4syncEv) referenced from .\build\filehandle.o(.rodata._ZTVN4mbed10FileHandleE)
 <LI><a href="#[55]">mbed::FileHandle::sync()</a> from .\build\filehandle.o(.text._ZN4mbed10FileHandle4syncEv) referenced from .\build\stream.o(.rodata._ZTVN4mbed8FileLikeE)
 <LI><a href="#[57]">mbed::FileHandle::tell()</a> from .\build\filehandle.o(.text._ZN4mbed10FileHandle4tellEv) referenced from .\build\mbed_retarget.o(.rodata._ZTV12DirectSerial)
 <LI><a href="#[57]">mbed::FileHandle::tell()</a> from .\build\filehandle.o(.text._ZN4mbed10FileHandle4tellEv) referenced from .\build\filehandle.o(.rodata._ZTVN4mbed10FileHandleE)
 <LI><a href="#[57]">mbed::FileHandle::tell()</a> from .\build\filehandle.o(.text._ZN4mbed10FileHandle4tellEv) referenced from .\build\stream.o(.rodata._ZTVN4mbed8FileLikeE)
 <LI><a href="#[5c]">mbed::FileHandle::fsync()</a> from .\build\filehandle.o(.text._ZN4mbed10FileHandle5fsyncEv) referenced from .\build\mbed_retarget.o(.rodata._ZTV12DirectSerial)
 <LI><a href="#[5c]">mbed::FileHandle::fsync()</a> from .\build\filehandle.o(.text._ZN4mbed10FileHandle5fsyncEv) referenced from .\build\filehandle.o(.rodata._ZTVN4mbed10FileHandleE)
 <LI><a href="#[5c]">mbed::FileHandle::fsync()</a> from .\build\filehandle.o(.text._ZN4mbed10FileHandle5fsyncEv) referenced from .\build\serial.o(.rodata._ZTVN4mbed6SerialE)
 <LI><a href="#[5c]">mbed::FileHandle::fsync()</a> from .\build\filehandle.o(.text._ZN4mbed10FileHandle5fsyncEv) referenced from .\build\stream.o(.rodata._ZTVN4mbed6StreamE)
 <LI><a href="#[5c]">mbed::FileHandle::fsync()</a> from .\build\filehandle.o(.text._ZN4mbed10FileHandle5fsyncEv) referenced from .\build\stream.o(.rodata._ZTVN4mbed8FileLikeE)
 <LI><a href="#[5b]">mbed::FileHandle::lseek(long, int)</a> from .\build\filehandle.o(.text._ZN4mbed10FileHandle5lseekEli) referenced from .\build\mbed_retarget.o(.rodata._ZTV12DirectSerial)
 <LI><a href="#[5b]">mbed::FileHandle::lseek(long, int)</a> from .\build\filehandle.o(.text._ZN4mbed10FileHandle5lseekEli) referenced from .\build\filehandle.o(.rodata._ZTVN4mbed10FileHandleE)
 <LI><a href="#[5b]">mbed::FileHandle::lseek(long, int)</a> from .\build\filehandle.o(.text._ZN4mbed10FileHandle5lseekEli) referenced from .\build\serial.o(.rodata._ZTVN4mbed6SerialE)
 <LI><a href="#[5b]">mbed::FileHandle::lseek(long, int)</a> from .\build\filehandle.o(.text._ZN4mbed10FileHandle5lseekEli) referenced from .\build\stream.o(.rodata._ZTVN4mbed6StreamE)
 <LI><a href="#[5b]">mbed::FileHandle::lseek(long, int)</a> from .\build\filehandle.o(.text._ZN4mbed10FileHandle5lseekEli) referenced from .\build\stream.o(.rodata._ZTVN4mbed8FileLikeE)
 <LI><a href="#[63]">mbed::FileHandle::sigio(mbed::Callback&lang;void()&rang;)</a> from .\build\filehandle.o(.text._ZN4mbed10FileHandle5sigioENS_8CallbackIFvvEEE) referenced from .\build\mbed_retarget.o(.rodata._ZTV12DirectSerial)
 <LI><a href="#[63]">mbed::FileHandle::sigio(mbed::Callback&lang;void()&rang;)</a> from .\build\filehandle.o(.text._ZN4mbed10FileHandle5sigioENS_8CallbackIFvvEEE) referenced from .\build\filehandle.o(.rodata._ZTVN4mbed10FileHandleE)
 <LI><a href="#[63]">mbed::FileHandle::sigio(mbed::Callback&lang;void()&rang;)</a> from .\build\filehandle.o(.text._ZN4mbed10FileHandle5sigioENS_8CallbackIFvvEEE) referenced from .\build\serial.o(.rodata._ZTVN4mbed6SerialE)
 <LI><a href="#[63]">mbed::FileHandle::sigio(mbed::Callback&lang;void()&rang;)</a> from .\build\filehandle.o(.text._ZN4mbed10FileHandle5sigioENS_8CallbackIFvvEEE) referenced from .\build\stream.o(.rodata._ZTVN4mbed6StreamE)
 <LI><a href="#[63]">mbed::FileHandle::sigio(mbed::Callback&lang;void()&rang;)</a> from .\build\filehandle.o(.text._ZN4mbed10FileHandle5sigioENS_8CallbackIFvvEEE) referenced from .\build\stream.o(.rodata._ZTVN4mbed8FileLikeE)
 <LI><a href="#[66]">mbed::FileHandle::isatty()</a> from .\build\filehandle.o(.text._ZN4mbed10FileHandle6isattyEv) referenced from .\build\filehandle.o(.rodata._ZTVN4mbed10FileHandleE)
 <LI><a href="#[66]">mbed::FileHandle::isatty()</a> from .\build\filehandle.o(.text._ZN4mbed10FileHandle6isattyEv) referenced from .\build\stream.o(.rodata._ZTVN4mbed8FileLikeE)
 <LI><a href="#[58]">mbed::FileHandle::rewind()</a> from .\build\filehandle.o(.text._ZN4mbed10FileHandle6rewindEv) referenced from .\build\mbed_retarget.o(.rodata._ZTV12DirectSerial)
 <LI><a href="#[58]">mbed::FileHandle::rewind()</a> from .\build\filehandle.o(.text._ZN4mbed10FileHandle6rewindEv) referenced from .\build\filehandle.o(.rodata._ZTVN4mbed10FileHandleE)
 <LI><a href="#[58]">mbed::FileHandle::rewind()</a> from .\build\filehandle.o(.text._ZN4mbed10FileHandle6rewindEv) referenced from .\build\stream.o(.rodata._ZTVN4mbed8FileLikeE)
 <LI><a href="#[5a]">mbed::FileHandle::truncate(long)</a> from .\build\filehandle.o(.text._ZN4mbed10FileHandle8truncateEl) referenced from .\build\mbed_retarget.o(.rodata._ZTV12DirectSerial)
 <LI><a href="#[5a]">mbed::FileHandle::truncate(long)</a> from .\build\filehandle.o(.text._ZN4mbed10FileHandle8truncateEl) referenced from .\build\filehandle.o(.rodata._ZTVN4mbed10FileHandleE)
 <LI><a href="#[5a]">mbed::FileHandle::truncate(long)</a> from .\build\filehandle.o(.text._ZN4mbed10FileHandle8truncateEl) referenced from .\build\serial.o(.rodata._ZTVN4mbed6SerialE)
 <LI><a href="#[5a]">mbed::FileHandle::truncate(long)</a> from .\build\filehandle.o(.text._ZN4mbed10FileHandle8truncateEl) referenced from .\build\stream.o(.rodata._ZTVN4mbed6StreamE)
 <LI><a href="#[5a]">mbed::FileHandle::truncate(long)</a> from .\build\filehandle.o(.text._ZN4mbed10FileHandle8truncateEl) referenced from .\build\stream.o(.rodata._ZTVN4mbed8FileLikeE)
 <LI><a href="#[64]">mbed::FileHandle::~FileHandle__deallocating()</a> from .\build\filehandle.o(.text._ZN4mbed10FileHandleD0Ev) referenced from .\build\filehandle.o(.rodata._ZTVN4mbed10FileHandleE)
 <LI><a href="#[4f]">mbed::FileHandle::~FileHandle__sub_object()</a> from .\build\filehandle.o(.text._ZN4mbed10FileHandleD2Ev) referenced from .\build\mbed_retarget.o(.rodata._ZTV12DirectSerial)
 <LI><a href="#[4f]">mbed::FileHandle::~FileHandle__sub_object()</a> from .\build\filehandle.o(.text._ZN4mbed10FileHandleD2Ev) referenced from .\build\filehandle.o(.rodata._ZTVN4mbed10FileHandleE)
 <LI><a href="#[48]">mbed::SerialBase::_irq_handler(unsigned, SerialIrq)</a> from .\build\serialbase.o(.text._ZN4mbed10SerialBase12_irq_handlerEj9SerialIrq) referenced 2 times from .\build\serialbase.o(.text._ZN4mbed10SerialBaseC2E7PinNameS1_i)
 <LI><a href="#[69]">mbed::SerialBase::lock()</a> from .\build\serialbase.o(.text._ZN4mbed10SerialBase4lockEv) referenced from .\build\serialbase.o(.rodata._ZTVN4mbed10SerialBaseE)
 <LI><a href="#[6a]">mbed::SerialBase::unlock()</a> from .\build\serialbase.o(.text._ZN4mbed10SerialBase6unlockEv) referenced from .\build\serialbase.o(.rodata._ZTVN4mbed10SerialBaseE)
 <LI><a href="#[6c]">mbed::SerialBase::~SerialBase__deallocating()</a> from .\build\serialbase.o(.text._ZN4mbed10SerialBaseD0Ev) referenced from .\build\serialbase.o(.rodata._ZTVN4mbed10SerialBaseE)
 <LI><a href="#[6b]">mbed::SerialBase::~SerialBase__sub_object()</a> from .\build\serialbase.o(.text._ZN4mbed10SerialBaseD2Ev) referenced from .\build\serialbase.o(.rodata._ZTVN4mbed10SerialBaseE)
 <LI><a href="#[6f]">mbed::BusIn::lock()</a> from .\build\busin.o(.text._ZN4mbed5BusIn4lockEv) referenced from .\build\busin.o(.rodata._ZTVN4mbed5BusInE)
 <LI><a href="#[70]">mbed::BusIn::unlock()</a> from .\build\busin.o(.text._ZN4mbed5BusIn6unlockEv) referenced from .\build\busin.o(.rodata._ZTVN4mbed5BusInE)
 <LI><a href="#[6e]">mbed::BusIn::~BusIn__deallocating()</a> from .\build\busin.o(.text._ZN4mbed5BusInD0Ev) referenced from .\build\busin.o(.rodata._ZTVN4mbed5BusInE)
 <LI><a href="#[6d]">mbed::BusIn::~BusIn__sub_object()</a> from .\build\busin.o(.text._ZN4mbed5BusInD2Ev) referenced from .\build\busin.o(.rodata._ZTVN4mbed5BusInE)
 <LI><a href="#[71]">mbed::Serial::lock()</a> from .\build\serial.o(.text._ZN4mbed6Serial4lockEv) referenced from .\build\serial.o(.rodata._ZTVN4mbed6SerialE)
 <LI><a href="#[74]">mbed::Serial::_getc()</a> from .\build\serial.o(.text._ZN4mbed6Serial5_getcEv) referenced from .\build\serial.o(.rodata._ZTVN4mbed6SerialE)
 <LI><a href="#[75]">mbed::Serial::_putc(int)</a> from .\build\serial.o(.text._ZN4mbed6Serial5_putcEi) referenced from .\build\serial.o(.rodata._ZTVN4mbed6SerialE)
 <LI><a href="#[72]">mbed::Serial::unlock()</a> from .\build\serial.o(.text._ZN4mbed6Serial6unlockEv) referenced from .\build\serial.o(.rodata._ZTVN4mbed6SerialE)
 <LI><a href="#[73]">mbed::Serial::~Serial__deallocating()</a> from .\build\serial.o(.text._ZN4mbed6SerialD0Ev) referenced from .\build\serial.o(.rodata._ZTVN4mbed6SerialE)
 <LI><a href="#[4b]">mbed::Serial::~Serial__sub_object()</a> from .\build\main.o(.text._ZN4mbed6SerialD2Ev) referenced from .\build\serial.o(.rodata._ZTVN4mbed6SerialE)
 <LI><a href="#[4b]">mbed::Serial::~Serial__sub_object()</a> from .\build\main.o(.text._ZN4mbed6SerialD2Ev) referenced 2 times from .\build\main.o(.text.__cxx_global_var_init)
 <LI><a href="#[89]">mbed::Stream::lock()</a> from .\build\stream.o(.text._ZN4mbed6Stream4lockEv) referenced from .\build\stream.o(.rodata._ZTVN4mbed6StreamE)
 <LI><a href="#[78]">mbed::Stream::read(void*, unsigned)</a> from .\build\stream.o(.text._ZN4mbed6Stream4readEPvj) referenced from .\build\serial.o(.rodata._ZTVN4mbed6SerialE)
 <LI><a href="#[78]">mbed::Stream::read(void*, unsigned)</a> from .\build\stream.o(.text._ZN4mbed6Stream4readEPvj) referenced from .\build\stream.o(.rodata._ZTVN4mbed6StreamE)
 <LI><a href="#[7a]">mbed::Stream::seek(long, int)</a> from .\build\stream.o(.text._ZN4mbed6Stream4seekEli) referenced from .\build\serial.o(.rodata._ZTVN4mbed6SerialE)
 <LI><a href="#[7a]">mbed::Stream::seek(long, int)</a> from .\build\stream.o(.text._ZN4mbed6Stream4seekEli) referenced from .\build\stream.o(.rodata._ZTVN4mbed6StreamE)
 <LI><a href="#[80]">mbed::Stream::size()</a> from .\build\stream.o(.text._ZN4mbed6Stream4sizeEv) referenced from .\build\serial.o(.rodata._ZTVN4mbed6SerialE)
 <LI><a href="#[80]">mbed::Stream::size()</a> from .\build\stream.o(.text._ZN4mbed6Stream4sizeEv) referenced from .\build\stream.o(.rodata._ZTVN4mbed6StreamE)
 <LI><a href="#[7c]">mbed::Stream::sync()</a> from .\build\stream.o(.text._ZN4mbed6Stream4syncEv) referenced from .\build\serial.o(.rodata._ZTVN4mbed6SerialE)
 <LI><a href="#[7c]">mbed::Stream::sync()</a> from .\build\stream.o(.text._ZN4mbed6Stream4syncEv) referenced from .\build\stream.o(.rodata._ZTVN4mbed6StreamE)
 <LI><a href="#[7e]">mbed::Stream::tell()</a> from .\build\stream.o(.text._ZN4mbed6Stream4tellEv) referenced from .\build\serial.o(.rodata._ZTVN4mbed6SerialE)
 <LI><a href="#[7e]">mbed::Stream::tell()</a> from .\build\stream.o(.text._ZN4mbed6Stream4tellEv) referenced from .\build\stream.o(.rodata._ZTVN4mbed6StreamE)
 <LI><a href="#[7b]">mbed::Stream::close()</a> from .\build\stream.o(.text._ZN4mbed6Stream5closeEv) referenced from .\build\serial.o(.rodata._ZTVN4mbed6SerialE)
 <LI><a href="#[7b]">mbed::Stream::close()</a> from .\build\stream.o(.text._ZN4mbed6Stream5closeEv) referenced from .\build\stream.o(.rodata._ZTVN4mbed6StreamE)
 <LI><a href="#[79]">mbed::Stream::write(const void*, unsigned)</a> from .\build\stream.o(.text._ZN4mbed6Stream5writeEPKvj) referenced from .\build\serial.o(.rodata._ZTVN4mbed6SerialE)
 <LI><a href="#[79]">mbed::Stream::write(const void*, unsigned)</a> from .\build\stream.o(.text._ZN4mbed6Stream5writeEPKvj) referenced from .\build\stream.o(.rodata._ZTVN4mbed6StreamE)
 <LI><a href="#[7d]">mbed::Stream::isatty()</a> from .\build\stream.o(.text._ZN4mbed6Stream6isattyEv) referenced from .\build\serial.o(.rodata._ZTVN4mbed6SerialE)
 <LI><a href="#[7d]">mbed::Stream::isatty()</a> from .\build\stream.o(.text._ZN4mbed6Stream6isattyEv) referenced from .\build\stream.o(.rodata._ZTVN4mbed6StreamE)
 <LI><a href="#[7f]">mbed::Stream::rewind()</a> from .\build\stream.o(.text._ZN4mbed6Stream6rewindEv) referenced from .\build\serial.o(.rodata._ZTVN4mbed6SerialE)
 <LI><a href="#[7f]">mbed::Stream::rewind()</a> from .\build\stream.o(.text._ZN4mbed6Stream6rewindEv) referenced from .\build\stream.o(.rodata._ZTVN4mbed6StreamE)
 <LI><a href="#[8a]">mbed::Stream::unlock()</a> from .\build\stream.o(.text._ZN4mbed6Stream6unlockEv) referenced from .\build\stream.o(.rodata._ZTVN4mbed6StreamE)
 <LI><a href="#[88]">mbed::Stream::~Stream__deallocating()</a> from .\build\stream.o(.text._ZN4mbed6StreamD0Ev) referenced from .\build\stream.o(.rodata._ZTVN4mbed6StreamE)
 <LI><a href="#[87]">mbed::Stream::~Stream__sub_object()</a> from .\build\stream.o(.text._ZN4mbed6StreamD2Ev) referenced from .\build\stream.o(.rodata._ZTVN4mbed6StreamE)
 <LI><a href="#[93]">void mbed::Callback&lang;void(int)&rang;::function_call&lang;void(*)(int)&rang;(const void*, int)</a> from .\build\i2c.o(.text._ZN4mbed8CallbackIFviEE13function_callIPS1_EEvPKvi) referenced from .\build\i2c.o(.rodata._ZZN4mbed8CallbackIFviEE8generateIPS1_EEvRKT_E3ops)
 <LI><a href="#[95]">void mbed::Callback&lang;void(int)&rang;::function_dtor&lang;void(*)(int)&rang;(void*)</a> from .\build\i2c.o(.text._ZN4mbed8CallbackIFviEE13function_dtorIPS1_EEvPv) referenced from .\build\i2c.o(.rodata._ZZN4mbed8CallbackIFviEE8generateIPS1_EEvRKT_E3ops)
 <LI><a href="#[94]">void mbed::Callback&lang;void(int)&rang;::function_move&lang;void(*)(int)&rang;(void*, const void*)</a> from .\build\i2c.o(.text._ZN4mbed8CallbackIFviEE13function_moveIPS1_EEvPvPKv) referenced from .\build\i2c.o(.rodata._ZZN4mbed8CallbackIFviEE8generateIPS1_EEvRKT_E3ops)
 <LI><a href="#[96]">void mbed::Callback&lang;void()&rang;::function_call&lang;void(*)()&rang;(const void*)</a> from .\build\atcmdparser.o(.text._ZN4mbed8CallbackIFvvEE13function_callIPS1_EEvPKv) referenced from .\build\atcmdparser.o(.rodata._ZZN4mbed8CallbackIFvvEE8generateIPS1_EEvRKT_E3ops)
 <LI><a href="#[98]">void mbed::Callback&lang;void()&rang;::function_dtor&lang;void(*)()&rang;(void*)</a> from .\build\atcmdparser.o(.text._ZN4mbed8CallbackIFvvEE13function_dtorIPS1_EEvPv) referenced from .\build\atcmdparser.o(.rodata._ZZN4mbed8CallbackIFvvEE8generateIPS1_EEvRKT_E3ops)
 <LI><a href="#[97]">void mbed::Callback&lang;void()&rang;::function_move&lang;void(*)()&rang;(void*, const void*)</a> from .\build\atcmdparser.o(.text._ZN4mbed8CallbackIFvvEE13function_moveIPS1_EEvPvPKv) referenced from .\build\atcmdparser.o(.rodata._ZZN4mbed8CallbackIFvvEE8generateIPS1_EEvRKT_E3ops)
 <LI><a href="#[8e]">mbed::FileBase::~FileBase__deallocating()</a> from .\build\filebase.o(.text._ZN4mbed8FileBaseD0Ev) referenced from .\build\filebase.o(.rodata._ZTVN4mbed8FileBaseE)
 <LI><a href="#[8d]">mbed::FileBase::~FileBase__sub_object()</a> from .\build\filebase.o(.text._ZN4mbed8FileBaseD2Ev) referenced from .\build\filebase.o(.rodata._ZTVN4mbed8FileBaseE)
 <LI><a href="#[90]">mbed::FileLike::~FileLike__deallocating()</a> from .\build\stream.o(.text._ZN4mbed8FileLikeD0Ev) referenced from .\build\stream.o(.rodata._ZTVN4mbed8FileLikeE)
 <LI><a href="#[8f]">mbed::FileLike::~FileLike__sub_object()</a> from .\build\stream.o(.text._ZN4mbed8FileLikeD2Ev) referenced from .\build\stream.o(.rodata._ZTVN4mbed8FileLikeE)
 <LI><a href="#[49]">CThunk&lang;mbed::SerialBase&rang;::trampoline(CThunkBase*)</a> from .\build\serialbase.o(.text._ZN6CThunkIN4mbed10SerialBaseEE10trampolineEP10CThunkBase) referenced 2 times from .\build\serialbase.o(.text._ZN6CThunkIN4mbed10SerialBaseEE4initEPS1_MS1_FvPvES4_)
 <LI><a href="#[62]">DirectSerial::poll(short) const</a> from .\build\mbed_retarget.o(.text._ZNK12DirectSerial4pollEs) referenced from .\build\mbed_retarget.o(.rodata._ZTV12DirectSerial)
 <LI><a href="#[5f]">mbed::FileHandle::is_blocking() const</a> from .\build\filehandle.o(.text._ZNK4mbed10FileHandle11is_blockingEv) referenced from .\build\mbed_retarget.o(.rodata._ZTV12DirectSerial)
 <LI><a href="#[5f]">mbed::FileHandle::is_blocking() const</a> from .\build\filehandle.o(.text._ZNK4mbed10FileHandle11is_blockingEv) referenced from .\build\filehandle.o(.rodata._ZTVN4mbed10FileHandleE)
 <LI><a href="#[5f]">mbed::FileHandle::is_blocking() const</a> from .\build\filehandle.o(.text._ZNK4mbed10FileHandle11is_blockingEv) referenced from .\build\serial.o(.rodata._ZTVN4mbed6SerialE)
 <LI><a href="#[5f]">mbed::FileHandle::is_blocking() const</a> from .\build\filehandle.o(.text._ZNK4mbed10FileHandle11is_blockingEv) referenced from .\build\stream.o(.rodata._ZTVN4mbed6StreamE)
 <LI><a href="#[5f]">mbed::FileHandle::is_blocking() const</a> from .\build\filehandle.o(.text._ZNK4mbed10FileHandle11is_blockingEv) referenced from .\build\stream.o(.rodata._ZTVN4mbed8FileLikeE)
 <LI><a href="#[68]">mbed::FileHandle::poll(short) const</a> from .\build\filehandle.o(.text._ZNK4mbed10FileHandle4pollEs) referenced from .\build\filehandle.o(.rodata._ZTVN4mbed10FileHandleE)
 <LI><a href="#[68]">mbed::FileHandle::poll(short) const</a> from .\build\filehandle.o(.text._ZNK4mbed10FileHandle4pollEs) referenced from .\build\serial.o(.rodata._ZTVN4mbed6SerialE)
 <LI><a href="#[68]">mbed::FileHandle::poll(short) const</a> from .\build\filehandle.o(.text._ZNK4mbed10FileHandle4pollEs) referenced from .\build\stream.o(.rodata._ZTVN4mbed6StreamE)
 <LI><a href="#[68]">mbed::FileHandle::poll(short) const</a> from .\build\filehandle.o(.text._ZNK4mbed10FileHandle4pollEs) referenced from .\build\stream.o(.rodata._ZTVN4mbed8FileLikeE)
 <LI><a href="#[83]">thunk{-180} to mbed::Serial::lock()</a> from .\build\serial.o(.text._ZThn180_N4mbed6Serial4lockEv) referenced from .\build\serial.o(.rodata._ZTVN4mbed6SerialE)
 <LI><a href="#[82]">thunk{-180} to mbed::Serial::_getc()</a> from .\build\serial.o(.text._ZThn180_N4mbed6Serial5_getcEv) referenced from .\build\serial.o(.rodata._ZTVN4mbed6SerialE)
 <LI><a href="#[81]">thunk{-180} to mbed::Serial::_putc(int)</a> from .\build\serial.o(.text._ZThn180_N4mbed6Serial5_putcEi) referenced from .\build\serial.o(.rodata._ZTVN4mbed6SerialE)
 <LI><a href="#[84]">thunk{-180} to mbed::Serial::unlock()</a> from .\build\serial.o(.text._ZThn180_N4mbed6Serial6unlockEv) referenced from .\build\serial.o(.rodata._ZTVN4mbed6SerialE)
 <LI><a href="#[77]">thunk{-180} to mbed::Serial::~Serial__deallocating()</a> from .\build\serial.o(.text._ZThn180_N4mbed6SerialD0Ev) referenced from .\build\serial.o(.rodata._ZTVN4mbed6SerialE)
 <LI><a href="#[76]">thunk{-180} to mbed::Serial::~Serial()</a> from .\build\serial.o(.text._ZThn180_N4mbed6SerialD1Ev) referenced from .\build\serial.o(.rodata._ZTVN4mbed6SerialE)
 <LI><a href="#[86]">thunk{-184} to mbed::Serial::~Serial__deallocating()</a> from .\build\serial.o(.text._ZThn184_N4mbed6SerialD0Ev) referenced from .\build\serial.o(.rodata._ZTVN4mbed6SerialE)
 <LI><a href="#[85]">thunk{-184} to mbed::Serial::~Serial()</a> from .\build\serial.o(.text._ZThn184_N4mbed6SerialD1Ev) referenced from .\build\serial.o(.rodata._ZTVN4mbed6SerialE)
 <LI><a href="#[8c]">thunk{-4} to mbed::Stream::~Stream__deallocating()</a> from .\build\stream.o(.text._ZThn4_N4mbed6StreamD0Ev) referenced from .\build\stream.o(.rodata._ZTVN4mbed6StreamE)
 <LI><a href="#[8b]">thunk{-4} to mbed::Stream::~Stream()</a> from .\build\stream.o(.text._ZThn4_N4mbed6StreamD1Ev) referenced from .\build\stream.o(.rodata._ZTVN4mbed6StreamE)
 <LI><a href="#[92]">thunk{-4} to mbed::FileLike::~FileLike__deallocating()</a> from .\build\stream.o(.text._ZThn4_N4mbed8FileLikeD0Ev) referenced from .\build\stream.o(.rodata._ZTVN4mbed8FileLikeE)
 <LI><a href="#[91]">thunk{-4} to mbed::FileLike::~FileLike()</a> from .\build\stream.o(.text._ZThn4_N4mbed8FileLikeD1Ev) referenced from .\build\stream.o(.rodata._ZTVN4mbed8FileLikeE)
 <LI><a href="#[65]">__cxa_pure_virtual</a> from C:\Keil_v5\ARM\ARMCLANG\Bin\..\lib\libcxx\libcppabi_w.l(cxa_virtual.cpp.o)(.text.__cxa_pure_virtual) referenced 4 times from .\build\filehandle.o(.rodata._ZTVN4mbed10FileHandleE)
 <LI><a href="#[65]">__cxa_pure_virtual</a> from C:\Keil_v5\ARM\ARMCLANG\Bin\..\lib\libcxx\libcppabi_w.l(cxa_virtual.cpp.o)(.text.__cxa_pure_virtual) referenced 2 times from .\build\stream.o(.rodata._ZTVN4mbed6StreamE)
 <LI><a href="#[65]">__cxa_pure_virtual</a> from C:\Keil_v5\ARM\ARMCLANG\Bin\..\lib\libcxx\libcppabi_w.l(cxa_virtual.cpp.o)(.text.__cxa_pure_virtual) referenced 4 times from .\build\stream.o(.rodata._ZTVN4mbed8FileLikeE)
 <LI><a href="#[43]">__main</a> from C:\Keil_v5\ARM\ARMCLANG\Bin\..\lib\armlib\c_w.l(__main.o)(!!!main) referenced from .\build\startup_stm32f401xe.o(.text)
 <LI><a href="#[47]">_get_lc_ctype</a> from C:\Keil_v5\ARM\ARMCLANG\Bin\..\lib\armlib\c_w.l(lc_ctype_c.o)(locale$$code) referenced from C:\Keil_v5\ARM\ARMCLANG\Bin\..\lib\armlib\c_w.l(rt_ctype_table.o)(.text)
 <LI><a href="#[45]">_printf_input_char</a> from C:\Keil_v5\ARM\ARMCLANG\Bin\..\lib\armlib\c_w.l(_printf_char_common.o)(.text) referenced from C:\Keil_v5\ARM\ARMCLANG\Bin\..\lib\armlib\c_w.l(_printf_char_common.o)(.text)
 <LI><a href="#[44]">_snputc</a> from C:\Keil_v5\ARM\ARMCLANG\Bin\..\lib\armlib\c_w.l(_snputc.o)(.text) referenced from C:\Keil_v5\ARM\ARMCLANG\Bin\..\lib\armlib\c_w.l(vsnprintf.o)(.text)
 <LI><a href="#[9f]">block_us_ticker_free</a> from .\build\mbed_us_ticker_api.o(.text.block_us_ticker_free) referenced from .\build\mbed_us_ticker_api.o(.rodata.us_interface)
 <LI><a href="#[46]">fputc</a> from C:\Keil_v5\ARM\ARMCLANG\Bin\..\lib\armlib\c_w.l(fputc.o)(i.fputc) referenced from C:\Keil_v5\ARM\ARMCLANG\Bin\..\lib\armlib\c_w.l(_printf_char_file.o)(.text)
 <LI><a href="#[a2]">ticker_irq_handler</a> from .\build\mbed_ticker_api.o(.text.ticker_irq_handler) referenced from .\build\mbed_us_ticker_api.o(.data.irq_handler)
 <LI><a href="#[4a]">timer_irq_handler</a> from .\build\us_ticker.o(.text.timer_irq_handler) referenced 2 times from .\build\us_ticker.o(.text.__NVIC_SetVector)
 <LI><a href="#[4c]">uart1_irq</a> from .\build\serial_device.o(.text.uart1_irq) referenced 2 times from .\build\serial_device.o(.text.serial_irq_set)
 <LI><a href="#[4d]">uart2_irq</a> from .\build\serial_device.o(.text.uart2_irq) referenced 2 times from .\build\serial_device.o(.text.serial_irq_set)
 <LI><a href="#[4e]">uart6_irq</a> from .\build\serial_device.o(.text.uart6_irq) referenced 2 times from .\build\serial_device.o(.text.serial_irq_set)
 <LI><a href="#[9c]">us_ticker_clear_interrupt</a> from .\build\us_ticker.o(.text.us_ticker_clear_interrupt) referenced from .\build\mbed_us_ticker_api.o(.rodata.us_interface)
 <LI><a href="#[9b]">us_ticker_disable_interrupt</a> from .\build\us_ticker.o(.text.us_ticker_disable_interrupt) referenced from .\build\mbed_us_ticker_api.o(.rodata.us_interface)
 <LI><a href="#[9e]">us_ticker_fire_interrupt</a> from .\build\us_ticker.o(.text.us_ticker_fire_interrupt) referenced from .\build\mbed_us_ticker_api.o(.rodata.us_interface)
 <LI><a href="#[a0]">us_ticker_get_info</a> from .\build\us_ticker.o(.text.us_ticker_get_info) referenced from .\build\mbed_us_ticker_api.o(.rodata.us_interface)
 <LI><a href="#[99]">us_ticker_init</a> from .\build\us_ticker.o(.text.us_ticker_init) referenced from .\build\mbed_us_ticker_api.o(.rodata.us_interface)
 <LI><a href="#[9a]">us_ticker_read</a> from .\build\us_ticker.o(.text.us_ticker_read) referenced from .\build\mbed_us_ticker_api.o(.rodata.us_interface)
 <LI><a href="#[9d]">us_ticker_set_interrupt</a> from .\build\us_ticker.o(.text.us_ticker_set_interrupt) referenced from .\build\mbed_us_ticker_api.o(.rodata.us_interface)
</UL>
<P>
<H3>
Global Symbols
</H3>
<P><STRONG><a name="[43]"></a>__main</STRONG> (Thumb, 8 bytes, Stack size 0 bytes, C:\Keil_v5\ARM\ARMCLANG\Bin\..\lib\armlib\c_w.l(__main.o)(!!!main))
<BR><BR>[Calls]<UL><LI><a href="#[a5]">&gt;&gt;</a>&nbsp;&nbsp;&nbsp;__rt_entry
<LI><a href="#[a4]">&gt;&gt;</a>&nbsp;&nbsp;&nbsp;__scatterload
</UL>
<BR>[Address Reference Count : 1]<UL><LI> startup_stm32f401xe.o(.text)
</UL>
<P><STRONG><a name="[a4]"></a>__scatterload</STRONG> (Thumb, 0 bytes, Stack size unknown bytes, C:\Keil_v5\ARM\ARMCLANG\Bin\..\lib\armlib\c_w.l(__scatter.o)(!!!scatter))
<BR><BR>[Called By]<UL><LI><a href="#[43]">&gt;&gt;</a>&nbsp;&nbsp;&nbsp;__main
</UL>

<P><STRONG><a name="[a6]"></a>__scatterload_rt2</STRONG> (Thumb, 44 bytes, Stack size unknown bytes, C:\Keil_v5\ARM\ARMCLANG\Bin\..\lib\armlib\c_w.l(__scatter.o)(!!!scatter), UNUSED)
<BR><BR>[Calls]<UL><LI><a href="#[a5]">&gt;&gt;</a>&nbsp;&nbsp;&nbsp;__rt_entry
</UL>

<P><STRONG><a name="[236]"></a>__scatterload_rt2_thumb_only</STRONG> (Thumb, 0 bytes, Stack size unknown bytes, C:\Keil_v5\ARM\ARMCLANG\Bin\..\lib\armlib\c_w.l(__scatter.o)(!!!scatter), UNUSED)

<P><STRONG><a name="[237]"></a>__scatterload_null</STRONG> (Thumb, 0 bytes, Stack size unknown bytes, C:\Keil_v5\ARM\ARMCLANG\Bin\..\lib\armlib\c_w.l(__scatter.o)(!!!scatter), UNUSED)

<P><STRONG><a name="[a7]"></a>__scatterload_copy</STRONG> (Thumb, 26 bytes, Stack size unknown bytes, C:\Keil_v5\ARM\ARMCLANG\Bin\..\lib\armlib\c_w.l(__scatter_copy.o)(!!handler_copy), UNUSED)
<BR><BR>[Calls]<UL><LI><a href="#[a7]">&gt;&gt;</a>&nbsp;&nbsp;&nbsp;__scatterload_copy
</UL>
<BR>[Called By]<UL><LI><a href="#[a7]">&gt;&gt;</a>&nbsp;&nbsp;&nbsp;__scatterload_copy
</UL>

<P><STRONG><a name="[238]"></a>__scatterload_zeroinit</STRONG> (Thumb, 28 bytes, Stack size unknown bytes, C:\Keil_v5\ARM\ARMCLANG\Bin\..\lib\armlib\c_w.l(__scatter_zi.o)(!!handler_zi), UNUSED)

<P><STRONG><a name="[a8]"></a>_printf_n</STRONG> (Thumb, 0 bytes, Stack size unknown bytes, C:\Keil_v5\ARM\ARMCLANG\Bin\..\lib\armlib\c_w.l(_printf_n.o)(.ARM.Collect$$_printf_percent$$00000001))
<BR><BR>[Calls]<UL><LI><a href="#[a9]">&gt;&gt;</a>&nbsp;&nbsp;&nbsp;_printf_charcount
</UL>

<P><STRONG><a name="[ef]"></a>_printf_percent</STRONG> (Thumb, 0 bytes, Stack size unknown bytes, C:\Keil_v5\ARM\ARMCLANG\Bin\..\lib\armlib\c_w.l(_printf_percent.o)(.ARM.Collect$$_printf_percent$$00000000))
<BR><BR>[Called By]<UL><LI><a href="#[ed]">&gt;&gt;</a>&nbsp;&nbsp;&nbsp;__printf
</UL>

<P><STRONG><a name="[aa]"></a>_printf_p</STRONG> (Thumb, 0 bytes, Stack size unknown bytes, C:\Keil_v5\ARM\ARMCLANG\Bin\..\lib\armlib\c_w.l(_printf_p.o)(.ARM.Collect$$_printf_percent$$00000002))
<BR><BR>[Stack]<UL><LI>Max Depth = 64 + Unknown Stack Size
<LI>Call Chain = _printf_p &rArr; _printf_hex_ptr &rArr; _printf_longlong_hex &rArr; _printf_int_common &rArr; _printf_post_padding
</UL>
<BR>[Calls]<UL><LI><a href="#[ab]">&gt;&gt;</a>&nbsp;&nbsp;&nbsp;_printf_hex_ptr
</UL>

<P><STRONG><a name="[ac]"></a>_printf_f</STRONG> (Thumb, 0 bytes, Stack size unknown bytes, C:\Keil_v5\ARM\ARMCLANG\Bin\..\lib\armlib\c_w.l(_printf_f.o)(.ARM.Collect$$_printf_percent$$00000003))
<BR><BR>[Stack]<UL><LI>Max Depth = 324 + Unknown Stack Size
<LI>Call Chain = _printf_f &rArr; _printf_fp_dec &rArr; _printf_fp_dec_real &rArr; _fp_digits &rArr; _btod_etento &rArr; _btod_emul &rArr; _e2e
</UL>
<BR>[Calls]<UL><LI><a href="#[ad]">&gt;&gt;</a>&nbsp;&nbsp;&nbsp;_printf_fp_dec
</UL>

<P><STRONG><a name="[ae]"></a>_printf_e</STRONG> (Thumb, 0 bytes, Stack size unknown bytes, C:\Keil_v5\ARM\ARMCLANG\Bin\..\lib\armlib\c_w.l(_printf_e.o)(.ARM.Collect$$_printf_percent$$00000004))
<BR><BR>[Stack]<UL><LI>Max Depth = 324 + Unknown Stack Size
<LI>Call Chain = _printf_e &rArr; _printf_fp_dec &rArr; _printf_fp_dec_real &rArr; _fp_digits &rArr; _btod_etento &rArr; _btod_emul &rArr; _e2e
</UL>
<BR>[Calls]<UL><LI><a href="#[ad]">&gt;&gt;</a>&nbsp;&nbsp;&nbsp;_printf_fp_dec
</UL>

<P><STRONG><a name="[af]"></a>_printf_g</STRONG> (Thumb, 0 bytes, Stack size unknown bytes, C:\Keil_v5\ARM\ARMCLANG\Bin\..\lib\armlib\c_w.l(_printf_g.o)(.ARM.Collect$$_printf_percent$$00000005))
<BR><BR>[Stack]<UL><LI>Max Depth = 324 + Unknown Stack Size
<LI>Call Chain = _printf_g &rArr; _printf_fp_dec &rArr; _printf_fp_dec_real &rArr; _fp_digits &rArr; _btod_etento &rArr; _btod_emul &rArr; _e2e
</UL>
<BR>[Calls]<UL><LI><a href="#[ad]">&gt;&gt;</a>&nbsp;&nbsp;&nbsp;_printf_fp_dec
</UL>

<P><STRONG><a name="[b0]"></a>_printf_a</STRONG> (Thumb, 0 bytes, Stack size unknown bytes, C:\Keil_v5\ARM\ARMCLANG\Bin\..\lib\armlib\c_w.l(_printf_a.o)(.ARM.Collect$$_printf_percent$$00000006))
<BR><BR>[Stack]<UL><LI>Max Depth = 112 + Unknown Stack Size
<LI>Call Chain = _printf_a &rArr; _printf_fp_hex &rArr; _printf_fp_hex_real &rArr; _printf_fp_infnan &rArr; _printf_post_padding
</UL>
<BR>[Calls]<UL><LI><a href="#[b1]">&gt;&gt;</a>&nbsp;&nbsp;&nbsp;_printf_fp_hex
</UL>

<P><STRONG><a name="[239]"></a>_printf_ll</STRONG> (Thumb, 0 bytes, Stack size unknown bytes, C:\Keil_v5\ARM\ARMCLANG\Bin\..\lib\armlib\c_w.l(_printf_ll.o)(.ARM.Collect$$_printf_percent$$00000007))

<P><STRONG><a name="[b2]"></a>_printf_i</STRONG> (Thumb, 0 bytes, Stack size unknown bytes, C:\Keil_v5\ARM\ARMCLANG\Bin\..\lib\armlib\c_w.l(_printf_i.o)(.ARM.Collect$$_printf_percent$$00000008))
<BR><BR>[Stack]<UL><LI>Max Depth = 72 + Unknown Stack Size
<LI>Call Chain = _printf_i &rArr; _printf_int_dec &rArr; _printf_int_common &rArr; _printf_post_padding
</UL>
<BR>[Calls]<UL><LI><a href="#[b3]">&gt;&gt;</a>&nbsp;&nbsp;&nbsp;_printf_int_dec
</UL>

<P><STRONG><a name="[b4]"></a>_printf_d</STRONG> (Thumb, 0 bytes, Stack size unknown bytes, C:\Keil_v5\ARM\ARMCLANG\Bin\..\lib\armlib\c_w.l(_printf_d.o)(.ARM.Collect$$_printf_percent$$00000009))
<BR><BR>[Stack]<UL><LI>Max Depth = 72 + Unknown Stack Size
<LI>Call Chain = _printf_d &rArr; _printf_int_dec &rArr; _printf_int_common &rArr; _printf_post_padding
</UL>
<BR>[Calls]<UL><LI><a href="#[b3]">&gt;&gt;</a>&nbsp;&nbsp;&nbsp;_printf_int_dec
</UL>

<P><STRONG><a name="[b5]"></a>_printf_u</STRONG> (Thumb, 0 bytes, Stack size unknown bytes, C:\Keil_v5\ARM\ARMCLANG\Bin\..\lib\armlib\c_w.l(_printf_u.o)(.ARM.Collect$$_printf_percent$$0000000A))
<BR><BR>[Stack]<UL><LI>Max Depth = 72 + Unknown Stack Size
<LI>Call Chain = _printf_u &rArr; _printf_int_dec &rArr; _printf_int_common &rArr; _printf_post_padding
</UL>
<BR>[Calls]<UL><LI><a href="#[b3]">&gt;&gt;</a>&nbsp;&nbsp;&nbsp;_printf_int_dec
</UL>

<P><STRONG><a name="[b6]"></a>_printf_o</STRONG> (Thumb, 0 bytes, Stack size unknown bytes, C:\Keil_v5\ARM\ARMCLANG\Bin\..\lib\armlib\c_w.l(_printf_o.o)(.ARM.Collect$$_printf_percent$$0000000B))
<BR><BR>[Stack]<UL><LI>Max Depth = 64 + Unknown Stack Size
<LI>Call Chain = _printf_o &rArr; _printf_int_oct &rArr; _printf_longlong_oct &rArr; _printf_int_common &rArr; _printf_post_padding
</UL>
<BR>[Calls]<UL><LI><a href="#[b7]">&gt;&gt;</a>&nbsp;&nbsp;&nbsp;_printf_int_oct
</UL>

<P><STRONG><a name="[b8]"></a>_printf_x</STRONG> (Thumb, 0 bytes, Stack size unknown bytes, C:\Keil_v5\ARM\ARMCLANG\Bin\..\lib\armlib\c_w.l(_printf_x.o)(.ARM.Collect$$_printf_percent$$0000000C))
<BR><BR>[Stack]<UL><LI>Max Depth = 80 + Unknown Stack Size
<LI>Call Chain = _printf_x &rArr; _printf_int_hex &rArr; _printf_longlong_hex &rArr; _printf_int_common &rArr; _printf_post_padding
</UL>
<BR>[Calls]<UL><LI><a href="#[b9]">&gt;&gt;</a>&nbsp;&nbsp;&nbsp;_printf_int_hex
</UL>

<P><STRONG><a name="[ba]"></a>_printf_lli</STRONG> (Thumb, 0 bytes, Stack size unknown bytes, C:\Keil_v5\ARM\ARMCLANG\Bin\..\lib\armlib\c_w.l(_printf_lli.o)(.ARM.Collect$$_printf_percent$$0000000D))
<BR><BR>[Stack]<UL><LI>Max Depth = 72 + Unknown Stack Size
<LI>Call Chain = _printf_lli &rArr; _printf_longlong_dec &rArr; _printf_int_common &rArr; _printf_post_padding
</UL>
<BR>[Calls]<UL><LI><a href="#[bb]">&gt;&gt;</a>&nbsp;&nbsp;&nbsp;_printf_longlong_dec
</UL>

<P><STRONG><a name="[bc]"></a>_printf_lld</STRONG> (Thumb, 0 bytes, Stack size unknown bytes, C:\Keil_v5\ARM\ARMCLANG\Bin\..\lib\armlib\c_w.l(_printf_lld.o)(.ARM.Collect$$_printf_percent$$0000000E))
<BR><BR>[Stack]<UL><LI>Max Depth = 72 + Unknown Stack Size
<LI>Call Chain = _printf_lld &rArr; _printf_longlong_dec &rArr; _printf_int_common &rArr; _printf_post_padding
</UL>
<BR>[Calls]<UL><LI><a href="#[bb]">&gt;&gt;</a>&nbsp;&nbsp;&nbsp;_printf_longlong_dec
</UL>

<P><STRONG><a name="[bd]"></a>_printf_llu</STRONG> (Thumb, 0 bytes, Stack size unknown bytes, C:\Keil_v5\ARM\ARMCLANG\Bin\..\lib\armlib\c_w.l(_printf_llu.o)(.ARM.Collect$$_printf_percent$$0000000F))
<BR><BR>[Stack]<UL><LI>Max Depth = 72 + Unknown Stack Size
<LI>Call Chain = _printf_llu &rArr; _printf_longlong_dec &rArr; _printf_int_common &rArr; _printf_post_padding
</UL>
<BR>[Calls]<UL><LI><a href="#[bb]">&gt;&gt;</a>&nbsp;&nbsp;&nbsp;_printf_longlong_dec
</UL>

<P><STRONG><a name="[be]"></a>_printf_llo</STRONG> (Thumb, 0 bytes, Stack size unknown bytes, C:\Keil_v5\ARM\ARMCLANG\Bin\..\lib\armlib\c_w.l(_printf_llo.o)(.ARM.Collect$$_printf_percent$$00000010))
<BR><BR>[Stack]<UL><LI>Max Depth = 56 + Unknown Stack Size
<LI>Call Chain = _printf_llo &rArr; _printf_ll_oct &rArr; _printf_longlong_oct &rArr; _printf_int_common &rArr; _printf_post_padding
</UL>
<BR>[Calls]<UL><LI><a href="#[bf]">&gt;&gt;</a>&nbsp;&nbsp;&nbsp;_printf_ll_oct
</UL>

<P><STRONG><a name="[c0]"></a>_printf_llx</STRONG> (Thumb, 0 bytes, Stack size unknown bytes, C:\Keil_v5\ARM\ARMCLANG\Bin\..\lib\armlib\c_w.l(_printf_llx.o)(.ARM.Collect$$_printf_percent$$00000011))
<BR><BR>[Stack]<UL><LI>Max Depth = 64 + Unknown Stack Size
<LI>Call Chain = _printf_llx &rArr; _printf_ll_hex &rArr; _printf_longlong_hex &rArr; _printf_int_common &rArr; _printf_post_padding
</UL>
<BR>[Calls]<UL><LI><a href="#[c1]">&gt;&gt;</a>&nbsp;&nbsp;&nbsp;_printf_ll_hex
</UL>

<P><STRONG><a name="[23a]"></a>_printf_l</STRONG> (Thumb, 0 bytes, Stack size unknown bytes, C:\Keil_v5\ARM\ARMCLANG\Bin\..\lib\armlib\c_w.l(_printf_l.o)(.ARM.Collect$$_printf_percent$$00000012))

<P><STRONG><a name="[c2]"></a>_printf_c</STRONG> (Thumb, 0 bytes, Stack size unknown bytes, C:\Keil_v5\ARM\ARMCLANG\Bin\..\lib\armlib\c_w.l(_printf_c.o)(.ARM.Collect$$_printf_percent$$00000013))
<BR><BR>[Stack]<UL><LI>Max Depth = 40 + Unknown Stack Size
<LI>Call Chain = _printf_c &rArr; _printf_char &rArr; _printf_cs_common &rArr; _printf_str &rArr; _printf_post_padding
</UL>
<BR>[Calls]<UL><LI><a href="#[c3]">&gt;&gt;</a>&nbsp;&nbsp;&nbsp;_printf_char
</UL>

<P><STRONG><a name="[c4]"></a>_printf_s</STRONG> (Thumb, 0 bytes, Stack size unknown bytes, C:\Keil_v5\ARM\ARMCLANG\Bin\..\lib\armlib\c_w.l(_printf_s.o)(.ARM.Collect$$_printf_percent$$00000014))
<BR><BR>[Stack]<UL><LI>Max Depth = 40 + Unknown Stack Size
<LI>Call Chain = _printf_s &rArr; _printf_string &rArr; _printf_cs_common &rArr; _printf_str &rArr; _printf_post_padding
</UL>
<BR>[Calls]<UL><LI><a href="#[c5]">&gt;&gt;</a>&nbsp;&nbsp;&nbsp;_printf_string
</UL>

<P><STRONG><a name="[c6]"></a>_printf_lc</STRONG> (Thumb, 0 bytes, Stack size unknown bytes, C:\Keil_v5\ARM\ARMCLANG\Bin\..\lib\armlib\c_w.l(_printf_lc.o)(.ARM.Collect$$_printf_percent$$00000015))
<BR><BR>[Stack]<UL><LI>Max Depth = 88 + Unknown Stack Size
<LI>Call Chain = _printf_lc &rArr; _printf_wchar &rArr; _printf_lcs_common &rArr; _printf_wctomb &rArr; _wcrtomb
</UL>
<BR>[Calls]<UL><LI><a href="#[c7]">&gt;&gt;</a>&nbsp;&nbsp;&nbsp;_printf_wchar
</UL>

<P><STRONG><a name="[c8]"></a>_printf_ls</STRONG> (Thumb, 0 bytes, Stack size unknown bytes, C:\Keil_v5\ARM\ARMCLANG\Bin\..\lib\armlib\c_w.l(_printf_ls.o)(.ARM.Collect$$_printf_percent$$00000016))
<BR><BR>[Stack]<UL><LI>Max Depth = 88 + Unknown Stack Size
<LI>Call Chain = _printf_ls &rArr; _printf_wstring &rArr; _printf_lcs_common &rArr; _printf_wctomb &rArr; _wcrtomb
</UL>
<BR>[Calls]<UL><LI><a href="#[c9]">&gt;&gt;</a>&nbsp;&nbsp;&nbsp;_printf_wstring
</UL>

<P><STRONG><a name="[23b]"></a>_printf_percent_end</STRONG> (Thumb, 0 bytes, Stack size unknown bytes, C:\Keil_v5\ARM\ARMCLANG\Bin\..\lib\armlib\c_w.l(_printf_percent_end.o)(.ARM.Collect$$_printf_percent$$00000017))

<P><STRONG><a name="[12c]"></a>$Super$$__rt_lib_init</STRONG> (Thumb, 0 bytes, Stack size unknown bytes, C:\Keil_v5\ARM\ARMCLANG\Bin\..\lib\armlib\c_w.l(libinit.o)(.ARM.Collect$$libinit$$00000000))
<BR><BR>[Called By]<UL><LI><a href="#[d9]">&gt;&gt;</a>&nbsp;&nbsp;&nbsp;__rt_lib_init
</UL>

<P><STRONG><a name="[ca]"></a>__rt_lib_init_fp_1</STRONG> (Thumb, 0 bytes, Stack size unknown bytes, C:\Keil_v5\ARM\ARMCLANG\Bin\..\lib\armlib\c_w.l(libinit2.o)(.ARM.Collect$$libinit$$00000001))
<BR><BR>[Calls]<UL><LI><a href="#[cb]">&gt;&gt;</a>&nbsp;&nbsp;&nbsp;_fp_init
</UL>

<P><STRONG><a name="[cc]"></a>__rt_lib_init_heap_2</STRONG> (Thumb, 0 bytes, Stack size unknown bytes, C:\Keil_v5\ARM\ARMCLANG\Bin\..\lib\armlib\c_w.l(libinit2.o)(.ARM.Collect$$libinit$$00000005))
<BR><BR>[Stack]<UL><LI>Max Depth = 144 + Unknown Stack Size
<LI>Call Chain = __rt_lib_init_heap_2 &rArr; _init_alloc &rArr; __rt_SIGRTMEM &rArr; __rt_SIGRTMEM_inner &rArr; __default_signal_display &rArr; _ttywrch &rArr; write &rArr; mbed::mbed_file_handle(int) &rArr; _ZL11get_consolei &rArr; _ZL15default_consolev &rArr; DirectSerial::DirectSerial__sub_object(PinName, PinName, int)
</UL>
<BR>[Calls]<UL><LI><a href="#[cd]">&gt;&gt;</a>&nbsp;&nbsp;&nbsp;_init_alloc
</UL>

<P><STRONG><a name="[23c]"></a>__rt_lib_init_preinit_1</STRONG> (Thumb, 0 bytes, Stack size unknown bytes, C:\Keil_v5\ARM\ARMCLANG\Bin\..\lib\armlib\c_w.l(libinit2.o)(.ARM.Collect$$libinit$$00000004))

<P><STRONG><a name="[23d]"></a>__rt_lib_init_heap_1</STRONG> (Thumb, 0 bytes, Stack size unknown bytes, C:\Keil_v5\ARM\ARMCLANG\Bin\..\lib\armlib\c_w.l(libinit2.o)(.ARM.Collect$$libinit$$0000000A))

<P><STRONG><a name="[ce]"></a>__rt_lib_init_lc_common</STRONG> (Thumb, 0 bytes, Stack size unknown bytes, C:\Keil_v5\ARM\ARMCLANG\Bin\..\lib\armlib\c_w.l(libinit2.o)(.ARM.Collect$$libinit$$0000000F))
<BR><BR>[Calls]<UL><LI><a href="#[cf]">&gt;&gt;</a>&nbsp;&nbsp;&nbsp;__rt_locale
</UL>

<P><STRONG><a name="[23e]"></a>__rt_lib_init_rand_1</STRONG> (Thumb, 0 bytes, Stack size unknown bytes, C:\Keil_v5\ARM\ARMCLANG\Bin\..\lib\armlib\c_w.l(libinit2.o)(.ARM.Collect$$libinit$$0000000E))

<P><STRONG><a name="[23f]"></a>__rt_lib_init_user_alloc_1</STRONG> (Thumb, 0 bytes, Stack size unknown bytes, C:\Keil_v5\ARM\ARMCLANG\Bin\..\lib\armlib\c_w.l(libinit2.o)(.ARM.Collect$$libinit$$0000000C))

<P><STRONG><a name="[240]"></a>__rt_lib_init_lc_collate_1</STRONG> (Thumb, 0 bytes, Stack size unknown bytes, C:\Keil_v5\ARM\ARMCLANG\Bin\..\lib\armlib\c_w.l(libinit2.o)(.ARM.Collect$$libinit$$00000011))

<P><STRONG><a name="[d0]"></a>__rt_lib_init_lc_ctype_2</STRONG> (Thumb, 0 bytes, Stack size unknown bytes, C:\Keil_v5\ARM\ARMCLANG\Bin\..\lib\armlib\c_w.l(libinit2.o)(.ARM.Collect$$libinit$$00000012))
<BR><BR>[Stack]<UL><LI>Max Depth = 16 + Unknown Stack Size
<LI>Call Chain = __rt_lib_init_lc_ctype_2 &rArr; _get_lc_ctype &rArr; strcmp
</UL>
<BR>[Calls]<UL><LI><a href="#[47]">&gt;&gt;</a>&nbsp;&nbsp;&nbsp;_get_lc_ctype
</UL>

<P><STRONG><a name="[241]"></a>__rt_lib_init_lc_ctype_1</STRONG> (Thumb, 0 bytes, Stack size unknown bytes, C:\Keil_v5\ARM\ARMCLANG\Bin\..\lib\armlib\c_w.l(libinit2.o)(.ARM.Collect$$libinit$$00000013))

<P><STRONG><a name="[242]"></a>__rt_lib_init_lc_monetary_1</STRONG> (Thumb, 0 bytes, Stack size unknown bytes, C:\Keil_v5\ARM\ARMCLANG\Bin\..\lib\armlib\c_w.l(libinit2.o)(.ARM.Collect$$libinit$$00000015))

<P><STRONG><a name="[d1]"></a>__rt_lib_init_lc_numeric_2</STRONG> (Thumb, 0 bytes, Stack size unknown bytes, C:\Keil_v5\ARM\ARMCLANG\Bin\..\lib\armlib\c_w.l(libinit2.o)(.ARM.Collect$$libinit$$00000016))
<BR><BR>[Stack]<UL><LI>Max Depth = 16 + Unknown Stack Size
<LI>Call Chain = __rt_lib_init_lc_numeric_2 &rArr; _get_lc_numeric &rArr; strcmp
</UL>
<BR>[Calls]<UL><LI><a href="#[d2]">&gt;&gt;</a>&nbsp;&nbsp;&nbsp;_get_lc_numeric
</UL>

<P><STRONG><a name="[243]"></a>__rt_lib_init_atexit_1</STRONG> (Thumb, 0 bytes, Stack size unknown bytes, C:\Keil_v5\ARM\ARMCLANG\Bin\..\lib\armlib\c_w.l(libinit2.o)(.ARM.Collect$$libinit$$0000001B))

<P><STRONG><a name="[244]"></a>__rt_lib_init_clock_1</STRONG> (Thumb, 0 bytes, Stack size unknown bytes, C:\Keil_v5\ARM\ARMCLANG\Bin\..\lib\armlib\c_w.l(libinit2.o)(.ARM.Collect$$libinit$$00000021))

<P><STRONG><a name="[245]"></a>__rt_lib_init_fp_trap_1</STRONG> (Thumb, 0 bytes, Stack size unknown bytes, C:\Keil_v5\ARM\ARMCLANG\Bin\..\lib\armlib\c_w.l(libinit2.o)(.ARM.Collect$$libinit$$0000001F))

<P><STRONG><a name="[246]"></a>__rt_lib_init_getenv_1</STRONG> (Thumb, 0 bytes, Stack size unknown bytes, C:\Keil_v5\ARM\ARMCLANG\Bin\..\lib\armlib\c_w.l(libinit2.o)(.ARM.Collect$$libinit$$00000023))

<P><STRONG><a name="[247]"></a>__rt_lib_init_lc_numeric_1</STRONG> (Thumb, 0 bytes, Stack size unknown bytes, C:\Keil_v5\ARM\ARMCLANG\Bin\..\lib\armlib\c_w.l(libinit2.o)(.ARM.Collect$$libinit$$00000017))

<P><STRONG><a name="[248]"></a>__rt_lib_init_lc_time_1</STRONG> (Thumb, 0 bytes, Stack size unknown bytes, C:\Keil_v5\ARM\ARMCLANG\Bin\..\lib\armlib\c_w.l(libinit2.o)(.ARM.Collect$$libinit$$00000019))

<P><STRONG><a name="[249]"></a>__rt_lib_init_signal_1</STRONG> (Thumb, 0 bytes, Stack size unknown bytes, C:\Keil_v5\ARM\ARMCLANG\Bin\..\lib\armlib\c_w.l(libinit2.o)(.ARM.Collect$$libinit$$0000001D))

<P><STRONG><a name="[d3]"></a>__rt_lib_init_stdio_2</STRONG> (Thumb, 0 bytes, Stack size unknown bytes, C:\Keil_v5\ARM\ARMCLANG\Bin\..\lib\armlib\c_w.l(libinit2.o)(.ARM.Collect$$libinit$$00000024))
<BR><BR>[Stack]<UL><LI>Max Depth = 192 + Unknown Stack Size
<LI>Call Chain = __rt_lib_init_stdio_2 &rArr; _initio &rArr; freopen &rArr; _fclose_internal &rArr; _fflush &rArr; _writebuf &rArr; _sys_write &rArr; write &rArr; mbed::mbed_file_handle(int) &rArr; _ZL11get_consolei &rArr; _ZL15default_consolev &rArr; DirectSerial::DirectSerial__sub_object(PinName, PinName, int)
</UL>
<BR>[Calls]<UL><LI><a href="#[d4]">&gt;&gt;</a>&nbsp;&nbsp;&nbsp;_initio
</UL>

<P><STRONG><a name="[24a]"></a>__rt_lib_init_alloca_1</STRONG> (Thumb, 0 bytes, Stack size unknown bytes, C:\Keil_v5\ARM\ARMCLANG\Bin\..\lib\armlib\c_w.l(libinit2.o)(.ARM.Collect$$libinit$$0000002E))

<P><STRONG><a name="[24b]"></a>__rt_lib_init_argv_1</STRONG> (Thumb, 0 bytes, Stack size unknown bytes, C:\Keil_v5\ARM\ARMCLANG\Bin\..\lib\armlib\c_w.l(libinit2.o)(.ARM.Collect$$libinit$$0000002C))

<P><STRONG><a name="[d5]"></a>__rt_lib_init_cpp_2</STRONG> (Thumb, 0 bytes, Stack size unknown bytes, C:\Keil_v5\ARM\ARMCLANG\Bin\..\lib\armlib\c_w.l(libinit2.o)(.ARM.Collect$$libinit$$00000031))
<BR><BR>[Stack]<UL><LI>Max Depth = 16 + Unknown Stack Size
<LI>Call Chain = __rt_lib_init_cpp_2 &rArr; __cpp_initialize__aeabi_
</UL>
<BR>[Calls]<UL><LI><a href="#[a3]">&gt;&gt;</a>&nbsp;&nbsp;&nbsp;__cpp_initialize__aeabi_
</UL>

<P><STRONG><a name="[24c]"></a>__rt_lib_init_exceptions_1</STRONG> (Thumb, 0 bytes, Stack size unknown bytes, C:\Keil_v5\ARM\ARMCLANG\Bin\..\lib\armlib\c_w.l(libinit2.o)(.ARM.Collect$$libinit$$00000030))

<P><STRONG><a name="[24d]"></a>__rt_lib_init_stdio_1</STRONG> (Thumb, 0 bytes, Stack size unknown bytes, C:\Keil_v5\ARM\ARMCLANG\Bin\..\lib\armlib\c_w.l(libinit2.o)(.ARM.Collect$$libinit$$00000025))

<P><STRONG><a name="[24e]"></a>__rt_lib_init_cpp_1</STRONG> (Thumb, 0 bytes, Stack size unknown bytes, C:\Keil_v5\ARM\ARMCLANG\Bin\..\lib\armlib\c_w.l(libinit2.o)(.ARM.Collect$$libinit$$00000032))

<P><STRONG><a name="[24f]"></a>__rt_lib_init_return</STRONG> (Thumb, 0 bytes, Stack size unknown bytes, C:\Keil_v5\ARM\ARMCLANG\Bin\..\lib\armlib\c_w.l(libinit2.o)(.ARM.Collect$$libinit$$00000033))

<P><STRONG><a name="[a5]"></a>__rt_entry</STRONG> (Thumb, 0 bytes, Stack size unknown bytes, C:\Keil_v5\ARM\ARMCLANG\Bin\..\lib\armlib\c_w.l(__rtentry.o)(.ARM.Collect$$rtentry$$00000000))
<BR><BR>[Called By]<UL><LI><a href="#[43]">&gt;&gt;</a>&nbsp;&nbsp;&nbsp;__main
<LI><a href="#[a6]">&gt;&gt;</a>&nbsp;&nbsp;&nbsp;__scatterload_rt2
</UL>

<P><STRONG><a name="[250]"></a>__rt_entry_presh_1</STRONG> (Thumb, 0 bytes, Stack size unknown bytes, C:\Keil_v5\ARM\ARMCLANG\Bin\..\lib\armlib\c_w.l(__rtentry2.o)(.ARM.Collect$$rtentry$$00000002))

<P><STRONG><a name="[251]"></a>__rt_entry_sh</STRONG> (Thumb, 0 bytes, Stack size unknown bytes, C:\Keil_v5\ARM\ARMCLANG\Bin\..\lib\armlib\c_w.l(__rtentry7.o)(.ARM.Collect$$rtentry$$00000007))

<P><STRONG><a name="[252]"></a>__rt_lib_shutdown_stdio_2</STRONG> (Thumb, 0 bytes, Stack size unknown bytes, C:\Keil_v5\ARM\ARMCLANG\Bin\..\lib\armlib\c_w.l(libshutdown2.o)(.ARM.Collect$$libshutdown$$00000004))

<P><STRONG><a name="[d6]"></a>__rt_entry_postsh_1</STRONG> (Thumb, 0 bytes, Stack size unknown bytes, C:\Keil_v5\ARM\ARMCLANG\Bin\..\lib\armlib\c_w.l(__rtentry2.o)(.ARM.Collect$$rtentry$$00000008))
<BR><BR>[Stack]<UL><LI>Max Depth = 672 + Unknown Stack Size
<LI>Call Chain = __rt_entry_postsh_1 &rArr; _platform_post_stackheap_init &rArr; mbed_sdk_init &rArr; SetSysClock &rArr; SetSysClock_PLL_HSI &rArr; HAL_RCC_OscConfig &rArr; HAL_GetTick &rArr; ticker_read_us &rArr; initialize &rArr; mbed_error &rArr; mbed_halt_system &rArr; exit &rArr; mbed_die &rArr; gpio_init_out &rArr; gpio_init_out_ex &rArr; _gpio_init_out &rArr; gpio_init &rArr; gpio_set &rArr; pin_function &rArr; Set_GPIO_Clock &rArr; error &rArr;  mbed_halt_system (Cycle)
</UL>
<BR>[Calls]<UL><LI><a href="#[d7]">&gt;&gt;</a>&nbsp;&nbsp;&nbsp;_platform_post_stackheap_init
</UL>

<P><STRONG><a name="[d8]"></a>__rt_entry_li</STRONG> (Thumb, 0 bytes, Stack size unknown bytes, C:\Keil_v5\ARM\ARMCLANG\Bin\..\lib\armlib\c_w.l(__rtentry2.o)(.ARM.Collect$$rtentry$$0000000A))
<BR><BR>[Calls]<UL><LI><a href="#[d9]">&gt;&gt;</a>&nbsp;&nbsp;&nbsp;__rt_lib_init
</UL>

<P><STRONG><a name="[da]"></a>__rt_entry_main</STRONG> (Thumb, 0 bytes, Stack size unknown bytes, C:\Keil_v5\ARM\ARMCLANG\Bin\..\lib\armlib\c_w.l(__rtentry2.o)(.ARM.Collect$$rtentry$$0000000D))
<BR><BR>[Stack]<UL><LI>Max Depth = 1144 + Unknown Stack Size
<LI>Call Chain = __rt_entry_main &rArr; main &rArr; $Super$$main &rArr; move_buggy(Buggy*, Direction, float) &rArr; control_motors(Motor*, Motor*, int) &rArr; poll_motor(mbed::BusIn*, int*, Direction, bool, mbed::Timer*, int(*)[2]) &rArr; mbed::Timer::read_us() &rArr; mbed::Timer::read_high_resolution_us() &rArr; mbed::Timer::slicetime() &rArr; ticker_read_us &rArr; initialize &rArr; mbed_error &rArr; mbed_halt_system &rArr; exit &rArr; mbed_die &rArr; gpio_init_out &rArr; gpio_init_out_ex &rArr; _gpio_init_out &rArr; gpio_init &rArr; gpio_set &rArr; pin_function &rArr; Set_GPIO_Clock &rArr; error &rArr;  mbed_halt_system (Cycle)
</UL>
<BR>[Calls]<UL><LI><a href="#[dc]">&gt;&gt;</a>&nbsp;&nbsp;&nbsp;exit
<LI><a href="#[db]">&gt;&gt;</a>&nbsp;&nbsp;&nbsp;main
</UL>

<P><STRONG><a name="[253]"></a>__rt_entry_postli_1</STRONG> (Thumb, 0 bytes, Stack size unknown bytes, C:\Keil_v5\ARM\ARMCLANG\Bin\..\lib\armlib\c_w.l(__rtentry2.o)(.ARM.Collect$$rtentry$$0000000C))

<P><STRONG><a name="[2]"></a>HardFault_Handler</STRONG> (Thumb, 6 bytes, Stack size 0 bytes, .\build\except.o(.text))
<BR><BR>[Stack]<UL><LI>Max Depth = 472 + Unknown Stack Size
<LI>Call Chain = HardFault_Handler &rArr; Fault_Handler &rArr; mbed_fault_handler &rArr; mbed_error &rArr; mbed_halt_system &rArr; exit &rArr; mbed_die &rArr; gpio_init_out &rArr; gpio_init_out_ex &rArr; _gpio_init_out &rArr; gpio_init &rArr; gpio_set &rArr; pin_function &rArr; Set_GPIO_Clock &rArr; error &rArr;  mbed_halt_system (Cycle)
</UL>
<BR>[Calls]<UL><LI><a href="#[dd]">&gt;&gt;</a>&nbsp;&nbsp;&nbsp;Fault_Handler
</UL>
<BR>[Address Reference Count : 1]<UL><LI> startup_stm32f401xe.o(RESET)
</UL>
<P><STRONG><a name="[3]"></a>MemManage_Handler</STRONG> (Thumb, 6 bytes, Stack size 0 bytes, .\build\except.o(.text))
<BR><BR>[Stack]<UL><LI>Max Depth = 472 + Unknown Stack Size
<LI>Call Chain = MemManage_Handler &rArr; Fault_Handler &rArr; mbed_fault_handler &rArr; mbed_error &rArr; mbed_halt_system &rArr; exit &rArr; mbed_die &rArr; gpio_init_out &rArr; gpio_init_out_ex &rArr; _gpio_init_out &rArr; gpio_init &rArr; gpio_set &rArr; pin_function &rArr; Set_GPIO_Clock &rArr; error &rArr;  mbed_halt_system (Cycle)
</UL>
<BR>[Calls]<UL><LI><a href="#[dd]">&gt;&gt;</a>&nbsp;&nbsp;&nbsp;Fault_Handler
</UL>
<BR>[Address Reference Count : 1]<UL><LI> startup_stm32f401xe.o(RESET)
</UL>
<P><STRONG><a name="[4]"></a>BusFault_Handler</STRONG> (Thumb, 6 bytes, Stack size 0 bytes, .\build\except.o(.text))
<BR><BR>[Stack]<UL><LI>Max Depth = 472 + Unknown Stack Size
<LI>Call Chain = BusFault_Handler &rArr; Fault_Handler &rArr; mbed_fault_handler &rArr; mbed_error &rArr; mbed_halt_system &rArr; exit &rArr; mbed_die &rArr; gpio_init_out &rArr; gpio_init_out_ex &rArr; _gpio_init_out &rArr; gpio_init &rArr; gpio_set &rArr; pin_function &rArr; Set_GPIO_Clock &rArr; error &rArr;  mbed_halt_system (Cycle)
</UL>
<BR>[Calls]<UL><LI><a href="#[dd]">&gt;&gt;</a>&nbsp;&nbsp;&nbsp;Fault_Handler
</UL>
<BR>[Address Reference Count : 1]<UL><LI> startup_stm32f401xe.o(RESET)
</UL>
<P><STRONG><a name="[5]"></a>UsageFault_Handler</STRONG> (Thumb, 6 bytes, Stack size 0 bytes, .\build\except.o(.text))
<BR>[Address Reference Count : 1]<UL><LI> startup_stm32f401xe.o(RESET)
</UL>
<P><STRONG><a name="[dd]"></a>Fault_Handler</STRONG> (Thumb, 170 bytes, Stack size 0 bytes, .\build\except.o(.text))
<BR><BR>[Stack]<UL><LI>Max Depth = 472 + Unknown Stack Size
<LI>Call Chain = Fault_Handler &rArr; mbed_fault_handler &rArr; mbed_error &rArr; mbed_halt_system &rArr; exit &rArr; mbed_die &rArr; gpio_init_out &rArr; gpio_init_out_ex &rArr; _gpio_init_out &rArr; gpio_init &rArr; gpio_set &rArr; pin_function &rArr; Set_GPIO_Clock &rArr; error &rArr;  mbed_halt_system (Cycle)
</UL>
<BR>[Calls]<UL><LI><a href="#[de]">&gt;&gt;</a>&nbsp;&nbsp;&nbsp;mbed_fault_handler
</UL>
<BR>[Called By]<UL><LI><a href="#[4]">&gt;&gt;</a>&nbsp;&nbsp;&nbsp;BusFault_Handler
<LI><a href="#[3]">&gt;&gt;</a>&nbsp;&nbsp;&nbsp;MemManage_Handler
<LI><a href="#[2]">&gt;&gt;</a>&nbsp;&nbsp;&nbsp;HardFault_Handler
</UL>

<P><STRONG><a name="[0]"></a>Reset_Handler</STRONG> (Thumb, 8 bytes, Stack size 0 bytes, .\build\startup_stm32f401xe.o(.text))
<BR>[Address Reference Count : 1]<UL><LI> startup_stm32f401xe.o(RESET)
</UL>
<P><STRONG><a name="[1]"></a>NMI_Handler</STRONG> (Thumb, 2 bytes, Stack size 0 bytes, .\build\startup_stm32f401xe.o(.text))
<BR><BR>[Calls]<UL><LI><a href="#[1]">&gt;&gt;</a>&nbsp;&nbsp;&nbsp;NMI_Handler
</UL>
<BR>[Called By]<UL><LI><a href="#[1]">&gt;&gt;</a>&nbsp;&nbsp;&nbsp;NMI_Handler
</UL>
<BR>[Address Reference Count : 1]<UL><LI> startup_stm32f401xe.o(RESET)
</UL>
<P><STRONG><a name="[6]"></a>SVC_Handler</STRONG> (Thumb, 2 bytes, Stack size 0 bytes, .\build\startup_stm32f401xe.o(.text))
<BR><BR>[Calls]<UL><LI><a href="#[6]">&gt;&gt;</a>&nbsp;&nbsp;&nbsp;SVC_Handler
</UL>
<BR>[Called By]<UL><LI><a href="#[6]">&gt;&gt;</a>&nbsp;&nbsp;&nbsp;SVC_Handler
</UL>
<BR>[Address Reference Count : 1]<UL><LI> startup_stm32f401xe.o(RESET)
</UL>
<P><STRONG><a name="[7]"></a>DebugMon_Handler</STRONG> (Thumb, 2 bytes, Stack size 0 bytes, .\build\startup_stm32f401xe.o(.text))
<BR><BR>[Calls]<UL><LI><a href="#[7]">&gt;&gt;</a>&nbsp;&nbsp;&nbsp;DebugMon_Handler
</UL>
<BR>[Called By]<UL><LI><a href="#[7]">&gt;&gt;</a>&nbsp;&nbsp;&nbsp;DebugMon_Handler
</UL>
<BR>[Address Reference Count : 1]<UL><LI> startup_stm32f401xe.o(RESET)
</UL>
<P><STRONG><a name="[8]"></a>PendSV_Handler</STRONG> (Thumb, 2 bytes, Stack size 0 bytes, .\build\startup_stm32f401xe.o(.text))
<BR><BR>[Calls]<UL><LI><a href="#[8]">&gt;&gt;</a>&nbsp;&nbsp;&nbsp;PendSV_Handler
</UL>
<BR>[Called By]<UL><LI><a href="#[8]">&gt;&gt;</a>&nbsp;&nbsp;&nbsp;PendSV_Handler
</UL>
<BR>[Address Reference Count : 1]<UL><LI> startup_stm32f401xe.o(RESET)
</UL>
<P><STRONG><a name="[9]"></a>SysTick_Handler</STRONG> (Thumb, 2 bytes, Stack size 0 bytes, .\build\startup_stm32f401xe.o(.text))
<BR><BR>[Calls]<UL><LI><a href="#[9]">&gt;&gt;</a>&nbsp;&nbsp;&nbsp;SysTick_Handler
</UL>
<BR>[Called By]<UL><LI><a href="#[9]">&gt;&gt;</a>&nbsp;&nbsp;&nbsp;SysTick_Handler
</UL>
<BR>[Address Reference Count : 1]<UL><LI> startup_stm32f401xe.o(RESET)
</UL>
<P><STRONG><a name="[1c]"></a>ADC_IRQHandler</STRONG> (Thumb, 0 bytes, Stack size 0 bytes, .\build\startup_stm32f401xe.o(.text))
<BR><BR>[Calls]<UL><LI><a href="#[1c]">&gt;&gt;</a>&nbsp;&nbsp;&nbsp;ADC_IRQHandler
</UL>
<BR>[Called By]<UL><LI><a href="#[1c]">&gt;&gt;</a>&nbsp;&nbsp;&nbsp;ADC_IRQHandler
</UL>
<BR>[Address Reference Count : 1]<UL><LI> startup_stm32f401xe.o(RESET)
</UL>
<P><STRONG><a name="[15]"></a>DMA1_Stream0_IRQHandler</STRONG> (Thumb, 0 bytes, Stack size 0 bytes, .\build\startup_stm32f401xe.o(.text))
<BR>[Address Reference Count : 1]<UL><LI> startup_stm32f401xe.o(RESET)
</UL>
<P><STRONG><a name="[16]"></a>DMA1_Stream1_IRQHandler</STRONG> (Thumb, 0 bytes, Stack size 0 bytes, .\build\startup_stm32f401xe.o(.text))
<BR>[Address Reference Count : 1]<UL><LI> startup_stm32f401xe.o(RESET)
</UL>
<P><STRONG><a name="[17]"></a>DMA1_Stream2_IRQHandler</STRONG> (Thumb, 0 bytes, Stack size 0 bytes, .\build\startup_stm32f401xe.o(.text))
<BR>[Address Reference Count : 1]<UL><LI> startup_stm32f401xe.o(RESET)
</UL>
<P><STRONG><a name="[18]"></a>DMA1_Stream3_IRQHandler</STRONG> (Thumb, 0 bytes, Stack size 0 bytes, .\build\startup_stm32f401xe.o(.text))
<BR>[Address Reference Count : 1]<UL><LI> startup_stm32f401xe.o(RESET)
</UL>
<P><STRONG><a name="[19]"></a>DMA1_Stream4_IRQHandler</STRONG> (Thumb, 0 bytes, Stack size 0 bytes, .\build\startup_stm32f401xe.o(.text))
<BR>[Address Reference Count : 1]<UL><LI> startup_stm32f401xe.o(RESET)
</UL>
<P><STRONG><a name="[1a]"></a>DMA1_Stream5_IRQHandler</STRONG> (Thumb, 0 bytes, Stack size 0 bytes, .\build\startup_stm32f401xe.o(.text))
<BR>[Address Reference Count : 1]<UL><LI> startup_stm32f401xe.o(RESET)
</UL>
<P><STRONG><a name="[1b]"></a>DMA1_Stream6_IRQHandler</STRONG> (Thumb, 0 bytes, Stack size 0 bytes, .\build\startup_stm32f401xe.o(.text))
<BR>[Address Reference Count : 1]<UL><LI> startup_stm32f401xe.o(RESET)
</UL>
<P><STRONG><a name="[30]"></a>DMA1_Stream7_IRQHandler</STRONG> (Thumb, 0 bytes, Stack size 0 bytes, .\build\startup_stm32f401xe.o(.text))
<BR>[Address Reference Count : 1]<UL><LI> startup_stm32f401xe.o(RESET)
</UL>
<P><STRONG><a name="[34]"></a>DMA2_Stream0_IRQHandler</STRONG> (Thumb, 0 bytes, Stack size 0 bytes, .\build\startup_stm32f401xe.o(.text))
<BR>[Address Reference Count : 1]<UL><LI> startup_stm32f401xe.o(RESET)
</UL>
<P><STRONG><a name="[35]"></a>DMA2_Stream1_IRQHandler</STRONG> (Thumb, 0 bytes, Stack size 0 bytes, .\build\startup_stm32f401xe.o(.text))
<BR>[Address Reference Count : 1]<UL><LI> startup_stm32f401xe.o(RESET)
</UL>
<P><STRONG><a name="[36]"></a>DMA2_Stream2_IRQHandler</STRONG> (Thumb, 0 bytes, Stack size 0 bytes, .\build\startup_stm32f401xe.o(.text))
<BR>[Address Reference Count : 1]<UL><LI> startup_stm32f401xe.o(RESET)
</UL>
<P><STRONG><a name="[37]"></a>DMA2_Stream3_IRQHandler</STRONG> (Thumb, 0 bytes, Stack size 0 bytes, .\build\startup_stm32f401xe.o(.text))
<BR>[Address Reference Count : 1]<UL><LI> startup_stm32f401xe.o(RESET)
</UL>
<P><STRONG><a name="[38]"></a>DMA2_Stream4_IRQHandler</STRONG> (Thumb, 0 bytes, Stack size 0 bytes, .\build\startup_stm32f401xe.o(.text))
<BR>[Address Reference Count : 1]<UL><LI> startup_stm32f401xe.o(RESET)
</UL>
<P><STRONG><a name="[3a]"></a>DMA2_Stream5_IRQHandler</STRONG> (Thumb, 0 bytes, Stack size 0 bytes, .\build\startup_stm32f401xe.o(.text))
<BR>[Address Reference Count : 1]<UL><LI> startup_stm32f401xe.o(RESET)
</UL>
<P><STRONG><a name="[3b]"></a>DMA2_Stream6_IRQHandler</STRONG> (Thumb, 0 bytes, Stack size 0 bytes, .\build\startup_stm32f401xe.o(.text))
<BR>[Address Reference Count : 1]<UL><LI> startup_stm32f401xe.o(RESET)
</UL>
<P><STRONG><a name="[3c]"></a>DMA2_Stream7_IRQHandler</STRONG> (Thumb, 0 bytes, Stack size 0 bytes, .\build\startup_stm32f401xe.o(.text))
<BR>[Address Reference Count : 1]<UL><LI> startup_stm32f401xe.o(RESET)
</UL>
<P><STRONG><a name="[10]"></a>EXTI0_IRQHandler</STRONG> (Thumb, 0 bytes, Stack size 0 bytes, .\build\startup_stm32f401xe.o(.text))
<BR>[Address Reference Count : 1]<UL><LI> startup_stm32f401xe.o(RESET)
</UL>
<P><STRONG><a name="[2d]"></a>EXTI15_10_IRQHandler</STRONG> (Thumb, 0 bytes, Stack size 0 bytes, .\build\startup_stm32f401xe.o(.text))
<BR>[Address Reference Count : 1]<UL><LI> startup_stm32f401xe.o(RESET)
</UL>
<P><STRONG><a name="[11]"></a>EXTI1_IRQHandler</STRONG> (Thumb, 0 bytes, Stack size 0 bytes, .\build\startup_stm32f401xe.o(.text))
<BR>[Address Reference Count : 1]<UL><LI> startup_stm32f401xe.o(RESET)
</UL>
<P><STRONG><a name="[12]"></a>EXTI2_IRQHandler</STRONG> (Thumb, 0 bytes, Stack size 0 bytes, .\build\startup_stm32f401xe.o(.text))
<BR>[Address Reference Count : 1]<UL><LI> startup_stm32f401xe.o(RESET)
</UL>
<P><STRONG><a name="[13]"></a>EXTI3_IRQHandler</STRONG> (Thumb, 0 bytes, Stack size 0 bytes, .\build\startup_stm32f401xe.o(.text))
<BR>[Address Reference Count : 1]<UL><LI> startup_stm32f401xe.o(RESET)
</UL>
<P><STRONG><a name="[14]"></a>EXTI4_IRQHandler</STRONG> (Thumb, 0 bytes, Stack size 0 bytes, .\build\startup_stm32f401xe.o(.text))
<BR>[Address Reference Count : 1]<UL><LI> startup_stm32f401xe.o(RESET)
</UL>
<P><STRONG><a name="[1d]"></a>EXTI9_5_IRQHandler</STRONG> (Thumb, 0 bytes, Stack size 0 bytes, .\build\startup_stm32f401xe.o(.text))
<BR>[Address Reference Count : 1]<UL><LI> startup_stm32f401xe.o(RESET)
</UL>
<P><STRONG><a name="[e]"></a>FLASH_IRQHandler</STRONG> (Thumb, 0 bytes, Stack size 0 bytes, .\build\startup_stm32f401xe.o(.text))
<BR>[Address Reference Count : 1]<UL><LI> startup_stm32f401xe.o(RESET)
</UL>
<P><STRONG><a name="[40]"></a>FPU_IRQHandler</STRONG> (Thumb, 0 bytes, Stack size 0 bytes, .\build\startup_stm32f401xe.o(.text))
<BR>[Address Reference Count : 1]<UL><LI> startup_stm32f401xe.o(RESET)
</UL>
<P><STRONG><a name="[26]"></a>I2C1_ER_IRQHandler</STRONG> (Thumb, 0 bytes, Stack size 0 bytes, .\build\startup_stm32f401xe.o(.text))
<BR>[Address Reference Count : 1]<UL><LI> startup_stm32f401xe.o(RESET)
</UL>
<P><STRONG><a name="[25]"></a>I2C1_EV_IRQHandler</STRONG> (Thumb, 0 bytes, Stack size 0 bytes, .\build\startup_stm32f401xe.o(.text))
<BR>[Address Reference Count : 1]<UL><LI> startup_stm32f401xe.o(RESET)
</UL>
<P><STRONG><a name="[28]"></a>I2C2_ER_IRQHandler</STRONG> (Thumb, 0 bytes, Stack size 0 bytes, .\build\startup_stm32f401xe.o(.text))
<BR>[Address Reference Count : 1]<UL><LI> startup_stm32f401xe.o(RESET)
</UL>
<P><STRONG><a name="[27]"></a>I2C2_EV_IRQHandler</STRONG> (Thumb, 0 bytes, Stack size 0 bytes, .\build\startup_stm32f401xe.o(.text))
<BR>[Address Reference Count : 1]<UL><LI> startup_stm32f401xe.o(RESET)
</UL>
<P><STRONG><a name="[3f]"></a>I2C3_ER_IRQHandler</STRONG> (Thumb, 0 bytes, Stack size 0 bytes, .\build\startup_stm32f401xe.o(.text))
<BR>[Address Reference Count : 1]<UL><LI> startup_stm32f401xe.o(RESET)
</UL>
<P><STRONG><a name="[3e]"></a>I2C3_EV_IRQHandler</STRONG> (Thumb, 0 bytes, Stack size 0 bytes, .\build\startup_stm32f401xe.o(.text))
<BR>[Address Reference Count : 1]<UL><LI> startup_stm32f401xe.o(RESET)
</UL>
<P><STRONG><a name="[39]"></a>OTG_FS_IRQHandler</STRONG> (Thumb, 0 bytes, Stack size 0 bytes, .\build\startup_stm32f401xe.o(.text))
<BR>[Address Reference Count : 1]<UL><LI> startup_stm32f401xe.o(RESET)
</UL>
<P><STRONG><a name="[2f]"></a>OTG_FS_WKUP_IRQHandler</STRONG> (Thumb, 0 bytes, Stack size 0 bytes, .\build\startup_stm32f401xe.o(.text))
<BR>[Address Reference Count : 1]<UL><LI> startup_stm32f401xe.o(RESET)
</UL>
<P><STRONG><a name="[b]"></a>PVD_IRQHandler</STRONG> (Thumb, 0 bytes, Stack size 0 bytes, .\build\startup_stm32f401xe.o(.text))
<BR>[Address Reference Count : 1]<UL><LI> startup_stm32f401xe.o(RESET)
</UL>
<P><STRONG><a name="[f]"></a>RCC_IRQHandler</STRONG> (Thumb, 0 bytes, Stack size 0 bytes, .\build\startup_stm32f401xe.o(.text))
<BR>[Address Reference Count : 1]<UL><LI> startup_stm32f401xe.o(RESET)
</UL>
<P><STRONG><a name="[2e]"></a>RTC_Alarm_IRQHandler</STRONG> (Thumb, 0 bytes, Stack size 0 bytes, .\build\startup_stm32f401xe.o(.text))
<BR>[Address Reference Count : 1]<UL><LI> startup_stm32f401xe.o(RESET)
</UL>
<P><STRONG><a name="[d]"></a>RTC_WKUP_IRQHandler</STRONG> (Thumb, 0 bytes, Stack size 0 bytes, .\build\startup_stm32f401xe.o(.text))
<BR>[Address Reference Count : 1]<UL><LI> startup_stm32f401xe.o(RESET)
</UL>
<P><STRONG><a name="[31]"></a>SDIO_IRQHandler</STRONG> (Thumb, 0 bytes, Stack size 0 bytes, .\build\startup_stm32f401xe.o(.text))
<BR>[Address Reference Count : 1]<UL><LI> startup_stm32f401xe.o(RESET)
</UL>
<P><STRONG><a name="[29]"></a>SPI1_IRQHandler</STRONG> (Thumb, 0 bytes, Stack size 0 bytes, .\build\startup_stm32f401xe.o(.text))
<BR>[Address Reference Count : 1]<UL><LI> startup_stm32f401xe.o(RESET)
</UL>
<P><STRONG><a name="[2a]"></a>SPI2_IRQHandler</STRONG> (Thumb, 0 bytes, Stack size 0 bytes, .\build\startup_stm32f401xe.o(.text))
<BR>[Address Reference Count : 1]<UL><LI> startup_stm32f401xe.o(RESET)
</UL>
<P><STRONG><a name="[33]"></a>SPI3_IRQHandler</STRONG> (Thumb, 0 bytes, Stack size 0 bytes, .\build\startup_stm32f401xe.o(.text))
<BR>[Address Reference Count : 1]<UL><LI> startup_stm32f401xe.o(RESET)
</UL>
<P><STRONG><a name="[41]"></a>SPI4_IRQHandler</STRONG> (Thumb, 0 bytes, Stack size 0 bytes, .\build\startup_stm32f401xe.o(.text))
<BR>[Address Reference Count : 1]<UL><LI> startup_stm32f401xe.o(RESET)
</UL>
<P><STRONG><a name="[c]"></a>TAMP_STAMP_IRQHandler</STRONG> (Thumb, 0 bytes, Stack size 0 bytes, .\build\startup_stm32f401xe.o(.text))
<BR>[Address Reference Count : 1]<UL><LI> startup_stm32f401xe.o(RESET)
</UL>
<P><STRONG><a name="[1e]"></a>TIM1_BRK_TIM9_IRQHandler</STRONG> (Thumb, 0 bytes, Stack size 0 bytes, .\build\startup_stm32f401xe.o(.text))
<BR>[Address Reference Count : 1]<UL><LI> startup_stm32f401xe.o(RESET)
</UL>
<P><STRONG><a name="[21]"></a>TIM1_CC_IRQHandler</STRONG> (Thumb, 0 bytes, Stack size 0 bytes, .\build\startup_stm32f401xe.o(.text))
<BR>[Address Reference Count : 1]<UL><LI> startup_stm32f401xe.o(RESET)
</UL>
<P><STRONG><a name="[20]"></a>TIM1_TRG_COM_TIM11_IRQHandler</STRONG> (Thumb, 0 bytes, Stack size 0 bytes, .\build\startup_stm32f401xe.o(.text))
<BR>[Address Reference Count : 1]<UL><LI> startup_stm32f401xe.o(RESET)
</UL>
<P><STRONG><a name="[1f]"></a>TIM1_UP_TIM10_IRQHandler</STRONG> (Thumb, 0 bytes, Stack size 0 bytes, .\build\startup_stm32f401xe.o(.text))
<BR>[Address Reference Count : 1]<UL><LI> startup_stm32f401xe.o(RESET)
</UL>
<P><STRONG><a name="[22]"></a>TIM2_IRQHandler</STRONG> (Thumb, 0 bytes, Stack size 0 bytes, .\build\startup_stm32f401xe.o(.text))
<BR>[Address Reference Count : 1]<UL><LI> startup_stm32f401xe.o(RESET)
</UL>
<P><STRONG><a name="[23]"></a>TIM3_IRQHandler</STRONG> (Thumb, 0 bytes, Stack size 0 bytes, .\build\startup_stm32f401xe.o(.text))
[...]
</UL>
<BR>[Calls]<UL><LI><a href="#[190]">&gt;&gt;</a>&nbsp;&nbsp;&nbsp;core_util_critical_section_exit
<LI><a href="#[189]">&gt;&gt;</a>&nbsp;&nbsp;&nbsp;core_util_critical_section_enter
<LI><a href="#[fe]">&gt;&gt;</a>&nbsp;&nbsp;&nbsp;__aeabi_memclr4
</UL>
<BR>[Called By]<UL><LI><a href="#[154]">&gt;&gt;</a>&nbsp;&nbsp;&nbsp;error
<LI><a href="#[1b2]">&gt;&gt;</a>&nbsp;&nbsp;&nbsp;mbed_error
</UL>

<P><STRONG><a name="[1ee]"></a>mbed_halt_system</STRONG> (Thumb, 56 bytes, Stack size 0 bytes, .\build\mbed_error.o(.text.mbed_halt_system))
<BR><BR>[Stack]<UL><LI>Max Depth = 464 + Unknown Stack Size
<LI>Call Chain = mbed_halt_system &rArr; exit &rArr; mbed_die &rArr; gpio_init_out &rArr; gpio_init_out_ex &rArr; _gpio_init_out &rArr; gpio_init &rArr; gpio_set &rArr; pin_function &rArr; Set_GPIO_Clock &rArr; error &rArr;  mbed_halt_system (Cycle)
</UL>
<BR>[Calls]<UL><LI><a href="#[189]">&gt;&gt;</a>&nbsp;&nbsp;&nbsp;core_util_critical_section_enter
<LI><a href="#[dc]">&gt;&gt;</a>&nbsp;&nbsp;&nbsp;exit
<LI><a href="#[204]">&gt;&gt;</a>&nbsp;&nbsp;&nbsp;core_util_is_isr_active
<LI><a href="#[205]">&gt;&gt;</a>&nbsp;&nbsp;&nbsp;core_util_are_interrupts_enabled
<LI><a href="#[1f0]">&gt;&gt;</a>&nbsp;&nbsp;&nbsp;mbed_die
<LI><a href="#[203]">&gt;&gt;</a>&nbsp;&nbsp;&nbsp;core_util_atomic_flag_test_and_set
</UL>
<BR>[Called By]<UL><LI><a href="#[154]">&gt;&gt;</a>&nbsp;&nbsp;&nbsp;error
<LI><a href="#[1b2]">&gt;&gt;</a>&nbsp;&nbsp;&nbsp;mbed_error
</UL>

<P><STRONG><a name="[1eb]"></a>print_error_report</STRONG> (Thumb, 428 bytes, Stack size 24 bytes, .\build\mbed_error.o(.text.print_error_report))
<BR><BR>[Stack]<UL><LI>Max Depth = 320 + Unknown Stack Size
<LI>Call Chain = print_error_report &rArr; mbed_error_printf &rArr; mbed_error_vprintf &rArr; vsnprintf &rArr; _printf_char_common &rArr; __printf
</UL>
<BR>[Calls]<UL><LI><a href="#[1ed]">&gt;&gt;</a>&nbsp;&nbsp;&nbsp;mbed_error_puts
<LI><a href="#[201]">&gt;&gt;</a>&nbsp;&nbsp;&nbsp;mbed_error_printf
</UL>
<BR>[Called By]<UL><LI><a href="#[154]">&gt;&gt;</a>&nbsp;&nbsp;&nbsp;error
<LI><a href="#[1b2]">&gt;&gt;</a>&nbsp;&nbsp;&nbsp;mbed_error
</UL>

<P><STRONG><a name="[1d4]"></a>_gpio_init_in</STRONG> (Thumb, 38 bytes, Stack size 16 bytes, .\build\mbed_gpio.o(.text._gpio_init_in))
<BR><BR>[Stack]<UL><LI>Max Depth = 424 + Unknown Stack Size
<LI>Call Chain = _gpio_init_in &rArr; gpio_init &rArr; gpio_set &rArr; pin_function &rArr; Set_GPIO_Clock &rArr; error &rArr;  mbed_halt_system (Cycle)
</UL>
<BR>[Calls]<UL><LI><a href="#[1d7]">&gt;&gt;</a>&nbsp;&nbsp;&nbsp;gpio_mode
<LI><a href="#[1d6]">&gt;&gt;</a>&nbsp;&nbsp;&nbsp;gpio_dir
<LI><a href="#[1d5]">&gt;&gt;</a>&nbsp;&nbsp;&nbsp;gpio_init
</UL>
<BR>[Called By]<UL><LI><a href="#[1f3]">&gt;&gt;</a>&nbsp;&nbsp;&nbsp;gpio_init_in_ex
</UL>

<P><STRONG><a name="[1d8]"></a>_gpio_init_out</STRONG> (Thumb, 54 bytes, Stack size 24 bytes, .\build\mbed_gpio.o(.text._gpio_init_out))
<BR><BR>[Stack]<UL><LI>Max Depth = 432 + Unknown Stack Size
<LI>Call Chain = _gpio_init_out &rArr; gpio_init &rArr; gpio_set &rArr; pin_function &rArr; Set_GPIO_Clock &rArr; error &rArr;  mbed_halt_system (Cycle)
</UL>
<BR>[Calls]<UL><LI><a href="#[1d7]">&gt;&gt;</a>&nbsp;&nbsp;&nbsp;gpio_mode
<LI><a href="#[1d6]">&gt;&gt;</a>&nbsp;&nbsp;&nbsp;gpio_dir
<LI><a href="#[1d5]">&gt;&gt;</a>&nbsp;&nbsp;&nbsp;gpio_init
<LI><a href="#[1d9]">&gt;&gt;</a>&nbsp;&nbsp;&nbsp;gpio_write
</UL>
<BR>[Called By]<UL><LI><a href="#[1f4]">&gt;&gt;</a>&nbsp;&nbsp;&nbsp;gpio_init_out_ex
</UL>

<P><STRONG><a name="[1d9]"></a>gpio_write</STRONG> (Thumb, 20 bytes, Stack size 0 bytes, .\build\mbed_gpio.o(.text.gpio_write))
<BR><BR>[Called By]<UL><LI><a href="#[1d8]">&gt;&gt;</a>&nbsp;&nbsp;&nbsp;_gpio_init_out
</UL>

<P><STRONG><a name="[16a]"></a>_ZL11get_consolei</STRONG> (Thumb, 38 bytes, Stack size 8 bytes, .\build\mbed_retarget.o(.text._ZL11get_consolei))
<BR><BR>[Stack]<UL><LI>Max Depth = 40<LI>Call Chain = _ZL11get_consolei &rArr; _ZL15default_consolev &rArr; DirectSerial::DirectSerial__sub_object(PinName, PinName, int)
</UL>
<BR>[Calls]<UL><LI><a href="#[16c]">&gt;&gt;</a>&nbsp;&nbsp;&nbsp;mbed::mbed_target_override_console(int)
<LI><a href="#[16b]">&gt;&gt;</a>&nbsp;&nbsp;&nbsp;mbed::mbed_override_console(int)
<LI><a href="#[16d]">&gt;&gt;</a>&nbsp;&nbsp;&nbsp;_ZL15default_consolev
</UL>
<BR>[Called By]<UL><LI><a href="#[199]">&gt;&gt;</a>&nbsp;&nbsp;&nbsp;mbed::mbed_file_handle(int)
</UL>

<P><STRONG><a name="[16e]"></a>_ZL14unbind_from_fdiPN4mbed10FileHandleE</STRONG> (Thumb, 36 bytes, Stack size 8 bytes, .\build\mbed_retarget.o(.text._ZL14unbind_from_fdiPN4mbed10FileHandleE))
<BR><BR>[Stack]<UL><LI>Max Depth = 8<LI>Call Chain = _ZL14unbind_from_fdiPN4mbed10FileHandleE
</UL>
<BR>[Calls]<UL><LI><a href="#[111]">&gt;&gt;</a>&nbsp;&nbsp;&nbsp;__aeabi_errno_addr
</UL>
<BR>[Called By]<UL><LI><a href="#[1b1]">&gt;&gt;</a>&nbsp;&nbsp;&nbsp;mbed::fdopen(mbed::FileHandle*, const char*)
</UL>

<P><STRONG><a name="[16d]"></a>_ZL15default_consolev</STRONG> (Thumb, 74 bytes, Stack size 8 bytes, .\build\mbed_retarget.o(.text._ZL15default_consolev))
<BR><BR>[Stack]<UL><LI>Max Depth = 32<LI>Call Chain = _ZL15default_consolev &rArr; DirectSerial::DirectSerial__sub_object(PinName, PinName, int)
</UL>
<BR>[Calls]<UL><LI><a href="#[171]">&gt;&gt;</a>&nbsp;&nbsp;&nbsp;__cxa_guard_release
<LI><a href="#[16f]">&gt;&gt;</a>&nbsp;&nbsp;&nbsp;__cxa_guard_acquire
<LI><a href="#[170]">&gt;&gt;</a>&nbsp;&nbsp;&nbsp;DirectSerial::DirectSerial__sub_object(PinName, PinName, int)
</UL>
<BR>[Called By]<UL><LI><a href="#[16a]">&gt;&gt;</a>&nbsp;&nbsp;&nbsp;_ZL11get_consolei
</UL>

<P><STRONG><a name="[172]"></a>_ZL18handle_open_errorsij</STRONG> (Thumb, 28 bytes, Stack size 16 bytes, .\build\mbed_retarget.o(.text._ZL18handle_open_errorsij))
<BR><BR>[Stack]<UL><LI>Max Depth = 16<LI>Call Chain = _ZL18handle_open_errorsij
</UL>
<BR>[Calls]<UL><LI><a href="#[111]">&gt;&gt;</a>&nbsp;&nbsp;&nbsp;__aeabi_errno_addr
</UL>
<BR>[Called By]<UL><LI><a href="#[1e0]">&gt;&gt;</a>&nbsp;&nbsp;&nbsp;open
</UL>

<P><STRONG><a name="[1df]"></a>_ZL18openflags_to_posixi</STRONG> (Thumb, 42 bytes, Stack size 0 bytes, .\build\mbed_retarget.o(.text._ZL18openflags_to_posixi))
<BR><BR>[Called By]<UL><LI><a href="#[fc]">&gt;&gt;</a>&nbsp;&nbsp;&nbsp;_sys_open
</UL>

<P><STRONG><a name="[173]"></a>_ZL18reserve_filehandlev</STRONG> (Thumb, 100 bytes, Stack size 8 bytes, .\build\mbed_retarget.o(.text._ZL18reserve_filehandlev))
<BR><BR>[Stack]<UL><LI>Max Depth = 32<LI>Call Chain = _ZL18reserve_filehandlev &rArr; SingletonPtr&lang;PlatformMutex&rang;::operator -&rang;() const &rArr; SingletonPtr&lang;PlatformMutex&rang;::get() const &rArr; mbed_assert_internal &rArr;  mbed_error (Cycle)
</UL>
<BR>[Calls]<UL><LI><a href="#[174]">&gt;&gt;</a>&nbsp;&nbsp;&nbsp;SingletonPtr&lang;PlatformMutex&rang;::operator -&rang;() const
<LI><a href="#[176]">&gt;&gt;</a>&nbsp;&nbsp;&nbsp;PlatformMutex::unlock()
<LI><a href="#[175]">&gt;&gt;</a>&nbsp;&nbsp;&nbsp;PlatformMutex::lock()
<LI><a href="#[111]">&gt;&gt;</a>&nbsp;&nbsp;&nbsp;__aeabi_errno_addr
</UL>
<BR>[Called By]<UL><LI><a href="#[1e0]">&gt;&gt;</a>&nbsp;&nbsp;&nbsp;open
<LI><a href="#[198]">&gt;&gt;</a>&nbsp;&nbsp;&nbsp;mbed::bind_to_fd(mbed::FileHandle*)
</UL>

<P><STRONG><a name="[1e3]"></a>compute_tick_round_up</STRONG> (Thumb, 172 bytes, Stack size 24 bytes, .\build\mbed_ticker_api.o(.text.compute_tick_round_up))
<BR><BR>[Stack]<UL><LI>Max Depth = 72<LI>Call Chain = compute_tick_round_up &rArr; __aeabi_uldivmod
</UL>
<BR>[Calls]<UL><LI><a href="#[132]">&gt;&gt;</a>&nbsp;&nbsp;&nbsp;__aeabi_uldivmod
</UL>
<BR>[Called By]<UL><LI><a href="#[1fe]">&gt;&gt;</a>&nbsp;&nbsp;&nbsp;schedule_interrupt
</UL>

<P><STRONG><a name="[1fc]"></a>initialize</STRONG> (Thumb, 336 bytes, Stack size 40 bytes, .\build\mbed_ticker_api.o(.text.initialize))
<BR><BR>[Stack]<UL><LI>Max Depth = 504 + Unknown Stack Size
<LI>Call Chain = initialize &rArr; mbed_error &rArr; mbed_halt_system &rArr; exit &rArr; mbed_die &rArr; gpio_init_out &rArr; gpio_init_out_ex &rArr; _gpio_init_out &rArr; gpio_init &rArr; gpio_set &rArr; pin_function &rArr; Set_GPIO_Clock &rArr; error &rArr;  mbed_halt_system (Cycle)
</UL>
<BR>[Calls]<UL><LI><a href="#[1b2]">&gt;&gt;</a>&nbsp;&nbsp;&nbsp;mbed_error
<LI><a href="#[1fd]">&gt;&gt;</a>&nbsp;&nbsp;&nbsp;update_present_time
<LI><a href="#[1fe]">&gt;&gt;</a>&nbsp;&nbsp;&nbsp;schedule_interrupt
<LI><a href="#[132]">&gt;&gt;</a>&nbsp;&nbsp;&nbsp;__aeabi_uldivmod
</UL>
<BR>[Called By]<UL><LI><a href="#[131]">&gt;&gt;</a>&nbsp;&nbsp;&nbsp;ticker_read_us
</UL>

<P><STRONG><a name="[1fe]"></a>schedule_interrupt</STRONG> (Thumb, 204 bytes, Stack size 16 bytes, .\build\mbed_ticker_api.o(.text.schedule_interrupt))
<BR><BR>[Stack]<UL><LI>Max Depth = 88<LI>Call Chain = schedule_interrupt &rArr; update_present_time &rArr; __aeabi_uldivmod
</UL>
<BR>[Calls]<UL><LI><a href="#[1c6]">&gt;&gt;</a>&nbsp;&nbsp;&nbsp;mbed_assert_internal
<LI><a href="#[21a]">&gt;&gt;</a>&nbsp;&nbsp;&nbsp;_ticker_match_interval_passed
<LI><a href="#[1fd]">&gt;&gt;</a>&nbsp;&nbsp;&nbsp;update_present_time
<LI><a href="#[1e3]">&gt;&gt;</a>&nbsp;&nbsp;&nbsp;compute_tick_round_up
</UL>
<BR>[Called By]<UL><LI><a href="#[a2]">&gt;&gt;</a>&nbsp;&nbsp;&nbsp;ticker_irq_handler
<LI><a href="#[1fc]">&gt;&gt;</a>&nbsp;&nbsp;&nbsp;initialize
</UL>

<P><STRONG><a name="[1fd]"></a>update_present_time</STRONG> (Thumb, 240 bytes, Stack size 24 bytes, .\build\mbed_ticker_api.o(.text.update_present_time))
<BR><BR>[Stack]<UL><LI>Max Depth = 72<LI>Call Chain = update_present_time &rArr; __aeabi_uldivmod
</UL>
<BR>[Calls]<UL><LI><a href="#[132]">&gt;&gt;</a>&nbsp;&nbsp;&nbsp;__aeabi_uldivmod
</UL>
<BR>[Called By]<UL><LI><a href="#[131]">&gt;&gt;</a>&nbsp;&nbsp;&nbsp;ticker_read_us
<LI><a href="#[a2]">&gt;&gt;</a>&nbsp;&nbsp;&nbsp;ticker_irq_handler
<LI><a href="#[1fe]">&gt;&gt;</a>&nbsp;&nbsp;&nbsp;schedule_interrupt
<LI><a href="#[1fc]">&gt;&gt;</a>&nbsp;&nbsp;&nbsp;initialize
</UL>

<P><STRONG><a name="[9f]"></a>block_us_ticker_free</STRONG> (Thumb, 2 bytes, Stack size 0 bytes, .\build\mbed_us_ticker_api.o(.text.block_us_ticker_free))
<BR>[Address Reference Count : 1]<UL><LI> mbed_us_ticker_api.o(.rodata.us_interface)
</UL>
<P><STRONG><a name="[20e]"></a>LL_GPIO_GetPinMode</STRONG> (Thumb, 22 bytes, Stack size 0 bytes, .\build\pinmap.o(.text.LL_GPIO_GetPinMode))
<BR><BR>[Called By]<UL><LI><a href="#[1f5]">&gt;&gt;</a>&nbsp;&nbsp;&nbsp;pin_mode
</UL>

<P><STRONG><a name="[221]"></a>LL_GPIO_SetAFPin_0_7</STRONG> (Thumb, 30 bytes, Stack size 0 bytes, .\build\pinmap.o(.text.LL_GPIO_SetAFPin_0_7))
<BR><BR>[Called By]<UL><LI><a href="#[20a]">&gt;&gt;</a>&nbsp;&nbsp;&nbsp;stm_pin_SetAFPin
</UL>

<P><STRONG><a name="[222]"></a>LL_GPIO_SetAFPin_8_15</STRONG> (Thumb, 32 bytes, Stack size 0 bytes, .\build\pinmap.o(.text.LL_GPIO_SetAFPin_8_15))
<BR><BR>[Called By]<UL><LI><a href="#[20a]">&gt;&gt;</a>&nbsp;&nbsp;&nbsp;stm_pin_SetAFPin
</UL>

<P><STRONG><a name="[20b]"></a>LL_GPIO_SetPinMode</STRONG> (Thumb, 30 bytes, Stack size 0 bytes, .\build\pinmap.o(.text.LL_GPIO_SetPinMode))
<BR><BR>[Called By]<UL><LI><a href="#[1f6]">&gt;&gt;</a>&nbsp;&nbsp;&nbsp;pin_function
</UL>

<P><STRONG><a name="[20c]"></a>LL_GPIO_SetPinOutputType</STRONG> (Thumb, 14 bytes, Stack size 0 bytes, .\build\pinmap.o(.text.LL_GPIO_SetPinOutputType))
<BR><BR>[Called By]<UL><LI><a href="#[1f5]">&gt;&gt;</a>&nbsp;&nbsp;&nbsp;pin_mode
<LI><a href="#[1f6]">&gt;&gt;</a>&nbsp;&nbsp;&nbsp;pin_function
</UL>

<P><STRONG><a name="[220]"></a>LL_GPIO_SetPinPull</STRONG> (Thumb, 30 bytes, Stack size 0 bytes, .\build\pinmap.o(.text.LL_GPIO_SetPinPull))
<BR><BR>[Called By]<UL><LI><a href="#[20d]">&gt;&gt;</a>&nbsp;&nbsp;&nbsp;stm_pin_PullConfig
</UL>

<P><STRONG><a name="[209]"></a>LL_GPIO_SetPinSpeed</STRONG> (Thumb, 30 bytes, Stack size 0 bytes, .\build\pinmap.o(.text.LL_GPIO_SetPinSpeed))
<BR><BR>[Called By]<UL><LI><a href="#[1f6]">&gt;&gt;</a>&nbsp;&nbsp;&nbsp;pin_function
</UL>

<P><STRONG><a name="[20d]"></a>stm_pin_PullConfig</STRONG> (Thumb, 22 bytes, Stack size 0 bytes, .\build\pinmap.o(.text.stm_pin_PullConfig))
<BR><BR>[Calls]<UL><LI><a href="#[220]">&gt;&gt;</a>&nbsp;&nbsp;&nbsp;LL_GPIO_SetPinPull
</UL>
<BR>[Called By]<UL><LI><a href="#[1f5]">&gt;&gt;</a>&nbsp;&nbsp;&nbsp;pin_mode
<LI><a href="#[1f6]">&gt;&gt;</a>&nbsp;&nbsp;&nbsp;pin_function
</UL>

<P><STRONG><a name="[20a]"></a>stm_pin_SetAFPin</STRONG> (Thumb, 28 bytes, Stack size 0 bytes, .\build\pinmap.o(.text.stm_pin_SetAFPin))
<BR><BR>[Calls]<UL><LI><a href="#[222]">&gt;&gt;</a>&nbsp;&nbsp;&nbsp;LL_GPIO_SetAFPin_8_15
<LI><a href="#[221]">&gt;&gt;</a>&nbsp;&nbsp;&nbsp;LL_GPIO_SetAFPin_0_7
</UL>
<BR>[Called By]<UL><LI><a href="#[1f6]">&gt;&gt;</a>&nbsp;&nbsp;&nbsp;pin_function
</UL>

<P><STRONG><a name="[219]"></a>LL_TIM_CC_IsEnabledChannel</STRONG> (Thumb, 14 bytes, Stack size 0 bytes, .\build\pwmout_api.o(.text.LL_TIM_CC_IsEnabledChannel))
<BR><BR>[Called By]<UL><LI><a href="#[1a7]">&gt;&gt;</a>&nbsp;&nbsp;&nbsp;pwmout_write
</UL>

<P><STRONG><a name="[1e8]"></a>debug</STRONG> (Thumb, 84 bytes, Stack size 24 bytes, .\build\serial_api.o(.text.debug))
<BR><BR>[Stack]<UL><LI>Max Depth = 144 + Unknown Stack Size
<LI>Call Chain = debug &rArr; __2vfprintf &rArr; _printf_char_file &rArr; _printf_char_common &rArr; __printf
</UL>
<BR>[Calls]<UL><LI><a href="#[e8]">&gt;&gt;</a>&nbsp;&nbsp;&nbsp;__2vfprintf
</UL>
<BR>[Called By]<UL><LI><a href="#[17c]">&gt;&gt;</a>&nbsp;&nbsp;&nbsp;serial_baud
</UL>

<P><STRONG><a name="[21f]"></a>__NVIC_DisableIRQ</STRONG> (Thumb, 40 bytes, Stack size 0 bytes, .\build\serial_device.o(.text.__NVIC_DisableIRQ), UNUSED)
<BR><BR>[Called By]<UL><LI><a href="#[18c]">&gt;&gt;</a>&nbsp;&nbsp;&nbsp;serial_irq_set
</UL>

<P><STRONG><a name="[21e]"></a>__NVIC_EnableIRQ</STRONG> (Thumb, 32 bytes, Stack size 0 bytes, .\build\serial_device.o(.text.__NVIC_EnableIRQ), UNUSED)
<BR><BR>[Called By]<UL><LI><a href="#[18c]">&gt;&gt;</a>&nbsp;&nbsp;&nbsp;serial_irq_set
</UL>

<P><STRONG><a name="[21d]"></a>__NVIC_SetVector</STRONG> (Thumb, 18 bytes, Stack size 0 bytes, .\build\serial_device.o(.text.__NVIC_SetVector), UNUSED)
<BR><BR>[Called By]<UL><LI><a href="#[18c]">&gt;&gt;</a>&nbsp;&nbsp;&nbsp;serial_irq_set
</UL>

<P><STRONG><a name="[4c]"></a>uart1_irq</STRONG> (Thumb, 12 bytes, Stack size 0 bytes, .\build\serial_device.o(.text.uart1_irq))
<BR><BR>[Stack]<UL><LI>Max Depth = 24<LI>Call Chain = uart1_irq &rArr; uart_irq
</UL>
<BR>[Calls]<UL><LI><a href="#[224]">&gt;&gt;</a>&nbsp;&nbsp;&nbsp;uart_irq
</UL>
<BR>[Address Reference Count : 1]<UL><LI> serial_device.o(.text.serial_irq_set)
</UL>
<P><STRONG><a name="[4d]"></a>uart2_irq</STRONG> (Thumb, 12 bytes, Stack size 0 bytes, .\build\serial_device.o(.text.uart2_irq))
<BR><BR>[Stack]<UL><LI>Max Depth = 24<LI>Call Chain = uart2_irq &rArr; uart_irq
</UL>
<BR>[Calls]<UL><LI><a href="#[224]">&gt;&gt;</a>&nbsp;&nbsp;&nbsp;uart_irq
</UL>
<BR>[Address Reference Count : 1]<UL><LI> serial_device.o(.text.serial_irq_set)
</UL>
<P><STRONG><a name="[4e]"></a>uart6_irq</STRONG> (Thumb, 12 bytes, Stack size 0 bytes, .\build\serial_device.o(.text.uart6_irq))
<BR>[Address Reference Count : 1]<UL><LI> serial_device.o(.text.serial_irq_set)
</UL>
<P><STRONG><a name="[224]"></a>uart_irq</STRONG> (Thumb, 132 bytes, Stack size 24 bytes, .\build\serial_device.o(.text.uart_irq))
<BR><BR>[Stack]<UL><LI>Max Depth = 24<LI>Call Chain = uart_irq
</UL>
<BR>[Calls]<UL><LI><a href="#[21b]">&gt;&gt;</a>&nbsp;&nbsp;&nbsp;get_uart_index
</UL>
<BR>[Called By]<UL><LI><a href="#[4d]">&gt;&gt;</a>&nbsp;&nbsp;&nbsp;uart2_irq
<LI><a href="#[4c]">&gt;&gt;</a>&nbsp;&nbsp;&nbsp;uart1_irq
</UL>

<P><STRONG><a name="[138]"></a>__NVIC_SetPriorityGrouping</STRONG> (Thumb, 32 bytes, Stack size 0 bytes, .\build\stm32f4xx_hal_cortex.o(.text.__NVIC_SetPriorityGrouping))
<BR><BR>[Called By]<UL><LI><a href="#[134]">&gt;&gt;</a>&nbsp;&nbsp;&nbsp;HAL_NVIC_SetPriorityGrouping
</UL>

<P><STRONG><a name="[147]"></a>TIM_OC1_SetConfig</STRONG> (Thumb, 90 bytes, Stack size 16 bytes, .\build\stm32f4xx_hal_tim.o(.text.TIM_OC1_SetConfig))
<BR><BR>[Stack]<UL><LI>Max Depth = 16<LI>Call Chain = TIM_OC1_SetConfig
</UL>
<BR>[Called By]<UL><LI><a href="#[146]">&gt;&gt;</a>&nbsp;&nbsp;&nbsp;HAL_TIM_PWM_ConfigChannel
</UL>

<P><STRONG><a name="[149]"></a>TIM_OC3_SetConfig</STRONG> (Thumb, 98 bytes, Stack size 16 bytes, .\build\stm32f4xx_hal_tim.o(.text.TIM_OC3_SetConfig))
<BR><BR>[Stack]<UL><LI>Max Depth = 16<LI>Call Chain = TIM_OC3_SetConfig
</UL>
<BR>[Called By]<UL><LI><a href="#[146]">&gt;&gt;</a>&nbsp;&nbsp;&nbsp;HAL_TIM_PWM_ConfigChannel
</UL>

<P><STRONG><a name="[14a]"></a>TIM_OC4_SetConfig</STRONG> (Thumb, 76 bytes, Stack size 16 bytes, .\build\stm32f4xx_hal_tim.o(.text.TIM_OC4_SetConfig))
<BR><BR>[Stack]<UL><LI>Max Depth = 16<LI>Call Chain = TIM_OC4_SetConfig
</UL>
<BR>[Called By]<UL><LI><a href="#[146]">&gt;&gt;</a>&nbsp;&nbsp;&nbsp;HAL_TIM_PWM_ConfigChannel
</UL>

<P><STRONG><a name="[140]"></a>TIM_CCxNChannelCmd</STRONG> (Thumb, 26 bytes, Stack size 0 bytes, .\build\stm32f4xx_hal_tim_ex.o(.text.TIM_CCxNChannelCmd))
<BR><BR>[Called By]<UL><LI><a href="#[13f]">&gt;&gt;</a>&nbsp;&nbsp;&nbsp;HAL_TIMEx_PWMN_Start
</UL>

<P><STRONG><a name="[150]"></a>UART_SetConfig</STRONG> (Thumb, 732 bytes, Stack size 32 bytes, .\build\stm32f4xx_hal_uart.o(.text.UART_SetConfig))
<BR><BR>[Stack]<UL><LI>Max Depth = 40<LI>Call Chain = UART_SetConfig &rArr; HAL_RCC_GetPCLK2Freq
</UL>
<BR>[Calls]<UL><LI><a href="#[13d]">&gt;&gt;</a>&nbsp;&nbsp;&nbsp;HAL_RCC_GetPCLK2Freq
<LI><a href="#[13b]">&gt;&gt;</a>&nbsp;&nbsp;&nbsp;HAL_RCC_GetPCLK1Freq
</UL>
<BR>[Called By]<UL><LI><a href="#[14e]">&gt;&gt;</a>&nbsp;&nbsp;&nbsp;HAL_UART_Init
</UL>

<P><STRONG><a name="[225]"></a>LL_TIM_GenerateEvent_CC1</STRONG> (Thumb, 10 bytes, Stack size 0 bytes, .\build\us_ticker.o(.text.LL_TIM_GenerateEvent_CC1))
<BR><BR>[Called By]<UL><LI><a href="#[9e]">&gt;&gt;</a>&nbsp;&nbsp;&nbsp;us_ticker_fire_interrupt
</UL>

<P><STRONG><a name="[1fa]"></a>__NVIC_EnableIRQ</STRONG> (Thumb, 16 bytes, Stack size 0 bytes, .\build\us_ticker.o(.text.__NVIC_EnableIRQ))
<BR><BR>[Called By]<UL><LI><a href="#[137]">&gt;&gt;</a>&nbsp;&nbsp;&nbsp;init_32bit_timer
</UL>

<P><STRONG><a name="[1f9]"></a>__NVIC_SetVector</STRONG> (Thumb, 24 bytes, Stack size 0 bytes, .\build\us_ticker.o(.text.__NVIC_SetVector))
<BR><BR>[Called By]<UL><LI><a href="#[137]">&gt;&gt;</a>&nbsp;&nbsp;&nbsp;init_32bit_timer
</UL>

<P><STRONG><a name="[233]"></a>_dadd1</STRONG> (Thumb, 0 bytes, Stack size unknown bytes, C:\Keil_v5\ARM\ARMCLANG\Bin\..\lib\armlib\fz_wm.l(daddsub_clz.o)(x$fpl$dadd), UNUSED)
<BR><BR>[Called By]<UL><LI><a href="#[232]">&gt;&gt;</a>&nbsp;&nbsp;&nbsp;_dsub
</UL>

<P><STRONG><a name="[22d]"></a>_dsub1</STRONG> (Thumb, 0 bytes, Stack size unknown bytes, C:\Keil_v5\ARM\ARMCLANG\Bin\..\lib\armlib\fz_wm.l(daddsub_clz.o)(x$fpl$dsub), UNUSED)
<BR><BR>[Called By]<UL><LI><a href="#[22c]">&gt;&gt;</a>&nbsp;&nbsp;&nbsp;_dadd
</UL>

<P><STRONG><a name="[45]"></a>_printf_input_char</STRONG> (Thumb, 10 bytes, Stack size 0 bytes, C:\Keil_v5\ARM\ARMCLANG\Bin\..\lib\armlib\c_w.l(_printf_char_common.o)(.text))
<BR>[Address Reference Count : 1]<UL><LI> _printf_char_common.o(.text)
</UL>
<P><STRONG><a name="[116]"></a>_fp_digits</STRONG> (Thumb, 432 bytes, Stack size 96 bytes, C:\Keil_v5\ARM\ARMCLANG\Bin\..\lib\armlib\c_w.l(_printf_fp_dec.o)(.text))
<BR><BR>[Stack]<UL><LI>Max Depth = 220<LI>Call Chain = _fp_digits &rArr; _btod_etento &rArr; _btod_emul &rArr; _e2e
</UL>
<BR>[Calls]<UL><LI><a href="#[11a]">&gt;&gt;</a>&nbsp;&nbsp;&nbsp;_btod_emul
<LI><a href="#[119]">&gt;&gt;</a>&nbsp;&nbsp;&nbsp;_btod_ediv
<LI><a href="#[118]">&gt;&gt;</a>&nbsp;&nbsp;&nbsp;_btod_d2e
<LI><a href="#[117]">&gt;&gt;</a>&nbsp;&nbsp;&nbsp;_btod_etento
<LI><a href="#[10c]">&gt;&gt;</a>&nbsp;&nbsp;&nbsp;_ll_udiv10
</UL>
<BR>[Called By]<UL><LI><a href="#[11b]">&gt;&gt;</a>&nbsp;&nbsp;&nbsp;_printf_fp_dec_real
</UL>
<P>
<H3>
Undefined Global Symbols
</H3><HR></body></html>
